Component: ARM Compiler 5.05 update 1 (build 106) Tool: armlink [4d0efa]

==============================================================================

Section Cross References

    main.o(i.check_relay) refers to strcmpv7m.o(.text) for strcmp
    main.o(i.check_relay) refers to __2printf.o(.text) for __2printf
    main.o(i.check_relay) refers to ultrasonicwave.o(i.relay_open) for relay_open
    main.o(i.check_relay) refers to ultrasonicwave.o(i.relay_close) for relay_close
    main.o(i.check_relay) refers to delay.o(i.delay_ms) for delay_ms
    main.o(i.check_relay) refers to main.o(.bss) for control_relay_1_1
    main.o(i.check_relay) refers to usart2.o(.bss) for USART2_RX_BUF
    main.o(i.check_relay) refers to main.o(.data) for relay1
    main.o(i.cmd_init) refers to __2sprintf.o(.text) for __2sprintf
    main.o(i.cmd_init) refers to main.o(.bss) for status_hcsr_1_1
    main.o(i.control_init) refers to __2sprintf.o(.text) for __2sprintf
    main.o(i.control_init) refers to main.o(.bss) for control_relay_1_1
    main.o(i.main) refers to main.o(i.cmd_init) for cmd_init
    main.o(i.main) refers to main.o(i.control_init) for control_init
    main.o(i.main) refers to usart.o(i.uart_init) for uart_init
    main.o(i.main) refers to __2printf.o(.text) for __2printf
    main.o(i.main) refers to misc.o(i.NVIC_PriorityGroupConfig) for NVIC_PriorityGroupConfig
    main.o(i.main) refers to delay.o(i.delay_init) for delay_init
    main.o(i.main) refers to usart2.o(i.uart2_init) for uart2_init
    main.o(i.main) refers to timer.o(i.Timerx_Init) for Timerx_Init
    main.o(i.main) refers to ultrasonicwave.o(i.UltrasonicWave_Configuration) for UltrasonicWave_Configuration
    main.o(i.main) refers to beep.o(i.BEEP_Init) for BEEP_Init
    main.o(i.main) refers to wifi.o(i.wifi_init) for wifi_init
    main.o(i.main) refers to ultrasonicwave.o(i.relay_init) for relay_init
    main.o(i.main) refers to __2sprintf.o(.text) for __2sprintf
    main.o(i.main) refers to wifi.o(i.UpLoad) for UpLoad
    main.o(i.main) refers to ultrasonicwave.o(i.UltrasonicWave_StartMeasure) for UltrasonicWave_StartMeasure
    main.o(i.main) refers to timer.o(i.TIM3_IRQHandler) for TIM3_IRQHandler
    main.o(i.main) refers to main.o(i.send_all) for send_all
    main.o(i.main) refers to main.o(i.check_relay) for check_relay
    main.o(i.main) refers to main.o(.data) for hcsr1
    main.o(i.main) refers to main.o(.bss) for send_cmd
    main.o(i.send_all) refers to wifi.o(i.UpLoad) for UpLoad
    main.o(i.send_all) refers to main.o(.data) for hcsr1
    main.o(i.send_all) refers to main.o(.bss) for status_hcsr_1_1
    system_stm32f10x.o(i.SetSysClock) refers to system_stm32f10x.o(i.SetSysClockTo72) for SetSysClockTo72
    system_stm32f10x.o(i.SystemCoreClockUpdate) refers to system_stm32f10x.o(.data) for SystemCoreClock
    system_stm32f10x.o(i.SystemInit) refers to system_stm32f10x.o(i.SetSysClock) for SetSysClock
    delay.o(i.delay_init) refers to misc.o(i.SysTick_CLKSourceConfig) for SysTick_CLKSourceConfig
    delay.o(i.delay_init) refers to system_stm32f10x.o(.data) for SystemCoreClock
    delay.o(i.delay_init) refers to delay.o(.data) for fac_us
    delay.o(i.delay_ms) refers to delay.o(.data) for fac_ms
    delay.o(i.delay_us) refers to delay.o(.data) for fac_us
    sys.o(i.NVIC_Configuration) refers to misc.o(i.NVIC_PriorityGroupConfig) for NVIC_PriorityGroupConfig
    usart.o(i.USART1_IRQHandler) refers (Special) to use_no_semi_2.o(.text) for __use_no_semihosting
    usart.o(i.USART1_IRQHandler) refers to stm32f10x_usart.o(i.USART_GetITStatus) for USART_GetITStatus
    usart.o(i.USART1_IRQHandler) refers to stm32f10x_usart.o(i.USART_ReceiveData) for USART_ReceiveData
    usart.o(i.USART1_IRQHandler) refers to usart.o(.data) for USART_RX_STA
    usart.o(i.USART1_IRQHandler) refers to usart.o(.bss) for USART_RX_BUF
    usart.o(i._sys_exit) refers (Special) to use_no_semi_2.o(.text) for __use_no_semihosting
    usart.o(i.fputc) refers (Special) to use_no_semi_2.o(.text) for __use_no_semihosting
    usart.o(i.uart_init) refers (Special) to use_no_semi_2.o(.text) for __use_no_semihosting
    usart.o(i.uart_init) refers to stm32f10x_rcc.o(i.RCC_APB2PeriphClockCmd) for RCC_APB2PeriphClockCmd
    usart.o(i.uart_init) refers to stm32f10x_gpio.o(i.GPIO_Init) for GPIO_Init
    usart.o(i.uart_init) refers to misc.o(i.NVIC_Init) for NVIC_Init
    usart.o(i.uart_init) refers to stm32f10x_usart.o(i.USART_Init) for USART_Init
    usart.o(i.uart_init) refers to stm32f10x_usart.o(i.USART_ITConfig) for USART_ITConfig
    usart.o(i.uart_init) refers to stm32f10x_usart.o(i.USART_Cmd) for USART_Cmd
    usart.o(.bss) refers (Special) to use_no_semi_2.o(.text) for __use_no_semihosting
    usart.o(.data) refers (Special) to use_no_semi_2.o(.text) for __use_no_semihosting
    startup_stm32f10x_hd.o(STACK) refers (Special) to heapauxi.o(.text) for __use_two_region_memory
[...]
    .ARM.Collect$$libinit$$00000030          0x08000252   Section        0  libinit2.o(.ARM.Collect$$libinit$$00000030)
    .ARM.Collect$$libinit$$00000032          0x08000252   Section        0  libinit2.o(.ARM.Collect$$libinit$$00000032)
    .ARM.Collect$$libinit$$00000033          0x08000252   Section        2  libinit2.o(.ARM.Collect$$libinit$$00000033)
    .ARM.Collect$$libshutdown$$00000000      0x08000254   Section        2  libshutdown.o(.ARM.Collect$$libshutdown$$00000000)
    .ARM.Collect$$libshutdown$$00000003      0x08000256   Section        0  libshutdown2.o(.ARM.Collect$$libshutdown$$00000003)
    .ARM.Collect$$libshutdown$$00000006      0x08000256   Section        0  libshutdown2.o(.ARM.Collect$$libshutdown$$00000006)
    .ARM.Collect$$libshutdown$$00000009      0x08000256   Section        0  libshutdown2.o(.ARM.Collect$$libshutdown$$00000009)
    .ARM.Collect$$libshutdown$$0000000B      0x08000256   Section        0  libshutdown2.o(.ARM.Collect$$libshutdown$$0000000B)
    .ARM.Collect$$libshutdown$$0000000E      0x08000256   Section        0  libshutdown2.o(.ARM.Collect$$libshutdown$$0000000E)
    .ARM.Collect$$libshutdown$$0000000F      0x08000256   Section        2  libshutdown2.o(.ARM.Collect$$libshutdown$$0000000F)
    .ARM.Collect$$rtentry$$00000000          0x08000258   Section        0  __rtentry.o(.ARM.Collect$$rtentry$$00000000)
    .ARM.Collect$$rtentry$$00000002          0x08000258   Section        0  __rtentry2.o(.ARM.Collect$$rtentry$$00000002)
    .ARM.Collect$$rtentry$$00000004          0x08000258   Section        6  __rtentry4.o(.ARM.Collect$$rtentry$$00000004)
    .ARM.Collect$$rtentry$$00000009          0x0800025e   Section        0  __rtentry2.o(.ARM.Collect$$rtentry$$00000009)
    .ARM.Collect$$rtentry$$0000000A          0x0800025e   Section        4  __rtentry2.o(.ARM.Collect$$rtentry$$0000000A)
    .ARM.Collect$$rtentry$$0000000C          0x08000262   Section        0  __rtentry2.o(.ARM.Collect$$rtentry$$0000000C)
    .ARM.Collect$$rtentry$$0000000D          0x08000262   Section        8  __rtentry2.o(.ARM.Collect$$rtentry$$0000000D)
    .ARM.Collect$$rtexit$$00000000           0x0800026a   Section        2  rtexit.o(.ARM.Collect$$rtexit$$00000000)
    .ARM.Collect$$rtexit$$00000002           0x0800026c   Section        0  rtexit2.o(.ARM.Collect$$rtexit$$00000002)
    .ARM.Collect$$rtexit$$00000003           0x0800026c   Section        4  rtexit2.o(.ARM.Collect$$rtexit$$00000003)
    .ARM.Collect$$rtexit$$00000004           0x08000270   Section        6  rtexit2.o(.ARM.Collect$$rtexit$$00000004)
    .text                                    0x08000278   Section       64  startup_stm32f10x_hd.o(.text)
    .text                                    0x080002b8   Section        2  use_no_semi_2.o(.text)
    .text                                    0x080002bc   Section        0  c89vsprintf.o(.text)
    .text                                    0x080002e0   Section        0  __2printf.o(.text)
    .text                                    0x080002f8   Section        0  __2sprintf.o(.text)
    .text                                    0x08000324   Section        0  _printf_str.o(.text)
    .text                                    0x08000378   Section        0  __printf_flags_ss_wp.o(.text)
    .text                                    0x08000500   Section        0  strstr.o(.text)
    .text                                    0x08000524   Section        0  strlen.o(.text)
    .text                                    0x08000564   Section      128  strcmpv7m.o(.text)
    .text                                    0x080005e4   Section        0  heapauxi.o(.text)
    .text                                    0x080005ea   Section        2  use_no_semi.o(.text)
    .text                                    0x080005ec   Section        0  _printf_pad.o(.text)
    .text                                    0x0800063a   Section        0  _printf_truncate.o(.text)
    .text                                    0x08000660   Section        0  _printf_dec.o(.text)
    .text                                    0x080006d8   Section        0  _printf_charcount.o(.text)
    .text                                    0x08000700   Section        0  _printf_char_common.o(.text)
    _printf_input_char                       0x08000701   Thumb Code    10  _printf_char_common.o(.text)
    .text                                    0x08000730   Section        0  _sputc.o(.text)
    .text                                    0x0800073a   Section        0  _printf_char.o(.text)
    .text                                    0x08000768   Section        0  _printf_char_file.o(.text)
    .text                                    0x0800078c   Section        0  _printf_wctomb.o(.text)
    .text                                    0x08000848   Section        0  _printf_longlong_dec.o(.text)
    .text                                    0x080008c4   Section        0  _printf_oct_int_ll.o(.text)
    _printf_longlong_oct_internal            0x080008c5   Thumb Code     0  _printf_oct_int_ll.o(.text)
    .text                                    0x08000934   Section        0  _printf_hex_int_ll_ptr.o(.text)
    _printf_hex_common                       0x08000935   Thumb Code     0  _printf_hex_int_ll_ptr.o(.text)
    .text                                    0x080009c8   Section      138  lludiv10.o(.text)
    .text                                    0x08000a52   Section        0  _printf_intcommon.o(.text)
    .text                                    0x08000b04   Section        0  _printf_fp_dec.o(.text)
    _fp_digits                               0x08000b07   Thumb Code   428  _printf_fp_dec.o(.text)
    .text                                    0x08000f1e   Section        0  _printf_wchar.o(.text)
    .text                                    0x08000f4a   Section        0  ferror.o(.text)
    .text                                    0x08000f52   Section        0  _wcrtomb.o(.text)
    .text                                    0x08000f92   Section       74  sys_stackheap_outer.o(.text)
    .text                                    0x08000fdc   Section       16  rt_ctype_table.o(.text)
    .text                                    0x08000fec   Section        8  rt_locale_intlibspace.o(.text)
    .text                                    0x08000ff4   Section        0  _printf_fp_infnan.o(.text)
    .text                                    0x08001074   Section        0  bigflt0.o(.text)
    .text                                    0x08001150   Section        0  exit.o(.text)
    .text                                    0x0800115c   Section        8  libspace.o(.text)
    CL$$btod_d2e                             0x08001164   Section       62  btod.o(CL$$btod_d2e)
    CL$$btod_d2e_denorm_low                  0x080011a2   Section       70  btod.o(CL$$btod_d2e_denorm_low)
    CL$$btod_d2e_norm_op1                    0x080011e8   Section       96  btod.o(CL$$btod_d2e_norm_op1)
    CL$$btod_div_common                      0x08001248   Section      824  btod.o(CL$$btod_div_common)
    CL$$btod_e2e                             0x08001580   Section      198  btod.o(CL$$btod_e2e)
    CL$$btod_ediv                            0x08001646   Section       40  btod.o(CL$$btod_ediv)
    CL$$btod_emul                            0x0800166e   Section       40  btod.o(CL$$btod_emul)
    CL$$btod_mult_common                     0x08001696   Section      580  btod.o(CL$$btod_mult_common)
    i.BEEP_Init                              0x080018dc   Section        0  beep.o(i.BEEP_Init)
    i.BusFault_Handler                       0x08001914   Section        0  stm32f10x_it.o(i.BusFault_Handler)
    i.DebugMon_Handler                       0x08001918   Section        0  stm32f10x_it.o(i.DebugMon_Handler)
    i.EXTI15_10_IRQHandler                   0x0800191c   Section        0  ultrasonicwave.o(i.EXTI15_10_IRQHandler)
    i.EXTI1_IRQHandler                       0x080019fc   Section        0  ultrasonicwave.o(i.EXTI1_IRQHandler)
    i.EXTI9_5_IRQHandler                     0x08001ae0   Section        0  ultrasonicwave.o(i.EXTI9_5_IRQHandler)
    i.EXTI_ClearITPendingBit                 0x08001bc4   Section        0  stm32f10x_exti.o(i.EXTI_ClearITPendingBit)
    i.EXTI_GetITStatus                       0x08001bd0   Section        0  stm32f10x_exti.o(i.EXTI_GetITStatus)
    i.EXTI_Init                              0x08001bf8   Section        0  stm32f10x_exti.o(i.EXTI_Init)
    i.GPIO_EXTILineConfig                    0x08001c8c   Section        0  stm32f10x_gpio.o(i.GPIO_EXTILineConfig)
    i.GPIO_Init                              0x08001ccc   Section        0  stm32f10x_gpio.o(i.GPIO_Init)
    i.GPIO_PinRemapConfig                    0x08001de4   Section        0  stm32f10x_gpio.o(i.GPIO_PinRemapConfig)
    i.GPIO_ReadInputDataBit                  0x08001e74   Section        0  stm32f10x_gpio.o(i.GPIO_ReadInputDataBit)
    i.GPIO_ResetBits                         0x08001e86   Section        0  stm32f10x_gpio.o(i.GPIO_ResetBits)
    i.GPIO_SetBits                           0x08001e8a   Section        0  stm32f10x_gpio.o(i.GPIO_SetBits)
    i.GPIO_StructInit                        0x08001e8e   Section        0  stm32f10x_gpio.o(i.GPIO_StructInit)
    i.HardFault_Handler                      0x08001e9e   Section        0  stm32f10x_it.o(i.HardFault_Handler)
    i.MemManage_Handler                      0x08001ea2   Section        0  stm32f10x_it.o(i.MemManage_Handler)
    i.NMI_Handler                            0x08001ea6   Section        0  stm32f10x_it.o(i.NMI_Handler)
    i.NVIC_Init                              0x08001ea8   Section        0  misc.o(i.NVIC_Init)
    i.NVIC_PriorityGroupConfig               0x08001f18   Section        0  misc.o(i.NVIC_PriorityGroupConfig)
    i.PendSV_Handler                         0x08001f2c   Section        0  stm32f10x_it.o(i.PendSV_Handler)
    i.RCC_APB1PeriphClockCmd                 0x08001f30   Section        0  stm32f10x_rcc.o(i.RCC_APB1PeriphClockCmd)
    i.RCC_APB2PeriphClockCmd                 0x08001f50   Section        0  stm32f10x_rcc.o(i.RCC_APB2PeriphClockCmd)
    i.RCC_GetClocksFreq                      0x08001f70   Section        0  stm32f10x_rcc.o(i.RCC_GetClocksFreq)
    i.SVC_Handler                            0x08002044   Section        0  stm32f10x_it.o(i.SVC_Handler)
    i.SetSysClock                            0x08002046   Section        0  system_stm32f10x.o(i.SetSysClock)
    SetSysClock                              0x08002047   Thumb Code     8  system_stm32f10x.o(i.SetSysClock)
    i.SetSysClockTo72                        0x08002050   Section        0  system_stm32f10x.o(i.SetSysClockTo72)
    SetSysClockTo72                          0x08002051   Thumb Code   214  system_stm32f10x.o(i.SetSysClockTo72)
    i.SysTick_CLKSourceConfig                0x08002130   Section        0  misc.o(i.SysTick_CLKSourceConfig)
    i.SysTick_Handler                        0x08002158   Section        0  stm32f10x_it.o(i.SysTick_Handler)
    i.SystemInit                             0x0800215c   Section        0  system_stm32f10x.o(i.SystemInit)
    i.TIM2_IRQHandler                        0x080021bc   Section        0  timer.o(i.TIM2_IRQHandler)
    i.TIM3_IRQHandler                        0x080021d4   Section        0  timer.o(i.TIM3_IRQHandler)
    i.TIM3_Int_Init                          0x0800221c   Section        0  timer.o(i.TIM3_Int_Init)
    i.TIM_ClearITPendingBit                  0x0800227c   Section        0  stm32f10x_tim.o(i.TIM_ClearITPendingBit)
    i.TIM_Cmd                                0x08002282   Section        0  stm32f10x_tim.o(i.TIM_Cmd)
    i.TIM_GetCounter                         0x0800229a   Section        0  stm32f10x_tim.o(i.TIM_GetCounter)
    i.TIM_GetITStatus                        0x080022a0   Section        0  stm32f10x_tim.o(i.TIM_GetITStatus)
    i.TIM_ITConfig                           0x080022c2   Section        0  stm32f10x_tim.o(i.TIM_ITConfig)
    i.TIM_SetCounter                         0x080022d4   Section        0  stm32f10x_tim.o(i.TIM_SetCounter)
    i.TIM_TimeBaseInit                       0x080022d8   Section        0  stm32f10x_tim.o(i.TIM_TimeBaseInit)
    i.Timerx_Init                            0x0800237c   Section        0  timer.o(i.Timerx_Init)
    i.USART1_IRQHandler                      0x080023d8   Section        0  usart.o(i.USART1_IRQHandler)
    i.USART2_IRQHandler                      0x08002460   Section        0  usart2.o(i.USART2_IRQHandler)
    i.USART_Cmd                              0x080024d0   Section        0  stm32f10x_usart.o(i.USART_Cmd)
    i.USART_GetFlagStatus                    0x080024e8   Section        0  stm32f10x_usart.o(i.USART_GetFlagStatus)
    i.USART_GetITStatus                      0x08002502   Section        0  stm32f10x_usart.o(i.USART_GetITStatus)
    i.USART_ITConfig                         0x08002556   Section        0  stm32f10x_usart.o(i.USART_ITConfig)
    i.USART_Init                             0x080025a0   Section        0  stm32f10x_usart.o(i.USART_Init)
    i.USART_ReceiveData                      0x08002678   Section        0  stm32f10x_usart.o(i.USART_ReceiveData)
    i.USART_SendData                         0x08002682   Section        0  stm32f10x_usart.o(i.USART_SendData)
    i.UltrasonicWave_Configuration           0x0800268c   Section        0  ultrasonicwave.o(i.UltrasonicWave_Configuration)
    i.UltrasonicWave_StartMeasure            0x080027fc   Section        0  ultrasonicwave.o(i.UltrasonicWave_StartMeasure)
    i.UpLoad                                 0x08002860   Section        0  wifi.o(i.UpLoad)
    i.UsageFault_Handler                     0x08002878   Section        0  stm32f10x_it.o(i.UsageFault_Handler)
    i.__ARM_fpclassify                       0x0800287c   Section        0  fpclassify.o(i.__ARM_fpclassify)
    i._is_digit                              0x080028a4   Section        0  __printf_wp.o(i._is_digit)
    i._sys_exit                              0x080028b2   Section        0  usart.o(i._sys_exit)
    i.check_relay                            0x080028b8   Section        0  main.o(i.check_relay)
    i.cmd_init                               0x080029fc   Section        0  main.o(i.cmd_init)
    i.control_init                           0x08002bc8   Section        0  main.o(i.control_init)
    i.delay_init                             0x08002cf0   Section        0  delay.o(i.delay_init)
    i.delay_ms                               0x08002d34   Section        0  delay.o(i.delay_ms)
    i.delay_us                               0x08002d80   Section        0  delay.o(i.delay_us)
    i.fputc                                  0x08002dcc   Section        0  usart.o(i.fputc)
    i.main                                   0x08002de8   Section        0  main.o(i.main)
    i.relay_close                            0x08002eb4   Section        0  ultrasonicwave.o(i.relay_close)
    i.relay_init                             0x08002ef8   Section        0  ultrasonicwave.o(i.relay_init)
    i.relay_open                             0x08002fa0   Section        0  ultrasonicwave.o(i.relay_open)
    i.send_all                               0x08002fe4   Section        0  main.o(i.send_all)
    i.u2_printf                              0x080030d8   Section        0  usart2.o(i.u2_printf)
    i.uart2_init                             0x08003128   Section        0  usart2.o(i.uart2_init)
    i.uart_init                              0x080031ec   Section        0  usart.o(i.uart_init)
    i.wifi_check_cmd                         0x0800328c   Section        0  wifi.o(i.wifi_check_cmd)
    i.wifi_init                              0x080032d0   Section        0  wifi.o(i.wifi_init)
    i.wifi_send_cmd                          0x08003464   Section        0  wifi.o(i.wifi_send_cmd)
    locale$$code                             0x080034e8   Section       44  lc_numeric_c.o(locale$$code)
    locale$$code                             0x08003514   Section       44  lc_ctype_c.o(locale$$code)
    x$fpl$d2f                                0x08003540   Section       98  d2f.o(x$fpl$d2f)
    x$fpl$ddiv                               0x080035a4   Section      688  ddiv.o(x$fpl$ddiv)
    ddiv_entry                               0x080035ab   Thumb Code     0  ddiv.o(x$fpl$ddiv)
    x$fpl$dflt                               0x08003854   Section       46  dflt_clz.o(x$fpl$dflt)
    x$fpl$dnaninf                            0x08003882   Section      156  dnaninf.o(x$fpl$dnaninf)
    x$fpl$dretinf                            0x0800391e   Section       12  dretinf.o(x$fpl$dretinf)
    x$fpl$fcmpinf                            0x0800392a   Section       24  fcmpi.o(x$fpl$fcmpinf)
    x$fpl$fleqf                              0x08003944   Section      104  fleqf.o(x$fpl$fleqf)
    x$fpl$fnaninf                            0x080039ac   Section      140  fnaninf.o(x$fpl$fnaninf)
    x$fpl$fretinf                            0x08003a38   Section       10  fretinf.o(x$fpl$fretinf)
    x$fpl$frleqf                             0x08003a42   Section       98  frleqf.o(x$fpl$frleqf)
    x$fpl$printf1                            0x08003aa4   Section        4  printf1.o(x$fpl$printf1)
    .constdata                               0x08003aa8   Section       17  __printf_flags_ss_wp.o(.constdata)
    x$fpl$usenofp                            0x08003aa8   Section        0  usenofp.o(x$fpl$usenofp)
    maptable                                 0x08003aa8   Data          17  __printf_flags_ss_wp.o(.constdata)
    .constdata                               0x08003abc   Section        8  _printf_wctomb.o(.constdata)
    initial_mbstate                          0x08003abc   Data           8  _printf_wctomb.o(.constdata)
    .constdata                               0x08003ac4   Section       40  _printf_hex_int_ll_ptr.o(.constdata)
    uc_hextab                                0x08003ac4   Data          20  _printf_hex_int_ll_ptr.o(.constdata)
    lc_hextab                                0x08003ad8   Data          20  _printf_hex_int_ll_ptr.o(.constdata)
    .constdata                               0x08003aec   Section      148  bigflt0.o(.constdata)
    tenpwrs_x                                0x08003aec   Data          60  bigflt0.o(.constdata)
    tenpwrs_i                                0x08003b28   Data          64  bigflt0.o(.constdata)
    locale$$data                             0x08003ba0   Section       28  lc_numeric_c.o(locale$$data)
    __lcnum_c_name                           0x08003ba4   Data           2  lc_numeric_c.o(locale$$data)
    __lcnum_c_start                          0x08003bac   Data           0  lc_numeric_c.o(locale$$data)
    __lcnum_c_point                          0x08003bb8   Data           0  lc_numeric_c.o(locale$$data)
    __lcnum_c_thousands                      0x08003bba   Data           0  lc_numeric_c.o(locale$$data)
    __lcnum_c_grouping                       0x08003bbb   Data           0  lc_numeric_c.o(locale$$data)
    locale$$data                             0x08003bbc   Section      272  lc_ctype_c.o(locale$$data)
    __lcnum_c_end                            0x08003bbc   Data           0  lc_numeric_c.o(locale$$data)
    __lcctype_c_name                         0x08003bc0   Data           2  lc_ctype_c.o(locale$$data)
    __lcctype_c_start                        0x08003bc8   Data           0  lc_ctype_c.o(locale$$data)
    __lcctype_c_end                          0x08003ccc   Data           0  lc_ctype_c.o(locale$$data)
    .data                                    0x20000000   Section       20  main.o(.data)
    .data                                    0x20000014   Section       20  system_stm32f10x.o(.data)
    .data                                    0x20000028   Section        4  delay.o(.data)
    fac_us                                   0x20000028   Data           1  delay.o(.data)
    fac_ms                                   0x2000002a   Data           2  delay.o(.data)
    .data                                    0x2000002c   Section        6  usart.o(.data)
    .data                                    0x20000032   Section       20  stm32f10x_rcc.o(.data)
    APBAHBPrescTable                         0x20000032   Data          16  stm32f10x_rcc.o(.data)
    ADCPrescTable                            0x20000042   Data           4  stm32f10x_rcc.o(.data)
    .data                                    0x20000046   Section        2  usart2.o(.data)
    .bss                                     0x20000048   Section     3200  main.o(.bss)
    .bss                                     0x20000cc8   Section      200  usart.o(.bss)
    .bss                                     0x20000d90   Section     1152  usart2.o(.bss)
    .bss                                     0x20001210   Section       24  ultrasonicwave.o(.bss)
    .bss                                     0x20001228   Section       96  libspace.o(.bss)
    HEAP                                     0x20001288   Section      512  startup_stm32f10x_hd.o(HEAP)
    Heap_Mem                                 0x20001288   Data         512  startup_stm32f10x_hd.o(HEAP)
    STACK                                    0x20001488   Section     1024  startup_stm32f10x_hd.o(STACK)
    Stack_Mem                                0x20001488   Data        1024  startup_stm32f10x_hd.o(STACK)
    __initial_sp                             0x20001888   Data           0  startup_stm32f10x_hd.o(STACK)

    Global Symbols

    Symbol Name                              Value     Ov Type        Size  Object(Section)

    BuildAttributes$$THM_ISAv4$P$D$K$B$S$PE$A:L22UL41UL21$X:L11$S22US41US21$IEEE1$IW$USESV6$~STKCKD$USESV7$~SHL$OTIME$ROPI$IEEEJ$EBA8$UX$STANDARDLIB$REQ8$PRES8$EABIv2 0x00000000   Number         0  anon$$obj.o ABSOLUTE
    __ARM_use_no_argv                        0x00000000   Number         0  main.o ABSOLUTE
    _printf_flags                            0x00000000   Number         0  printf_stubs.o ABSOLUTE
    _printf_return_value                     0x00000000   Number         0  printf_stubs.o ABSOLUTE
    _printf_sizespec                         0x00000000   Number         0  printf_stubs.o ABSOLUTE
    _printf_widthprec                        0x00000000   Number         0  printf_stubs.o ABSOLUTE
    __ARM_exceptions_init                     - Undefined Weak Reference
    __alloca_initialize                       - Undefined Weak Reference
    __arm_preinit_                            - Undefined Weak Reference
    __cpp_initialize__aeabi_                  - Undefined Weak Reference
    __cxa_finalize                            - Undefined Weak Reference
    __sigvec_lookup                           - Undefined Weak Reference
    _atexit_init                              - Undefined Weak Reference
    _call_atexit_fns                          - Undefined Weak Reference
    _clock_init                               - Undefined Weak Reference
    _fp_trap_init                             - Undefined Weak Reference
    _fp_trap_shutdown                         - Undefined Weak Reference
    _get_lc_collate                           - Undefined Weak Reference
    _get_lc_monetary                          - Undefined Weak Reference
    _get_lc_time                              - Undefined Weak Reference
    _getenv_init                              - Undefined Weak Reference
    _handle_redirection                       - Undefined Weak Reference
    _init_alloc                               - Undefined Weak Reference
    _init_user_alloc                          - Undefined Weak Reference
    _initio                                   - Undefined Weak Reference
    _mutex_acquire                            - Undefined Weak Reference
    _mutex_release                            - Undefined Weak Reference
    _printf_fp_hex                            - Undefined Weak Reference
    _printf_mbtowc                            - Undefined Weak Reference
    _printf_wc                                - Undefined Weak Reference
    _rand_init                                - Undefined Weak Reference
    _signal_finish                            - Undefined Weak Reference
    _signal_init                              - Undefined Weak Reference
    _terminate_alloc                          - Undefined Weak Reference
    _terminate_user_alloc                     - Undefined Weak Reference
    _terminateio                              - Undefined Weak Reference
    __Vectors_Size                           0x00000130   Number         0  startup_stm32f10x_hd.o ABSOLUTE
    __Vectors                                0x08000000   Data           4  startup_stm32f10x_hd.o(RESET)
    __Vectors_End                            0x08000130   Data           0  startup_stm32f10x_hd.o(RESET)
    __main                                   0x08000131   Thumb Code     8  __main.o(!!!main)
    __scatterload                            0x08000139   Thumb Code     0  __scatter.o(!!!scatter)
    __scatterload_rt2                        0x08000139   Thumb Code    44  __scatter.o(!!!scatter)
    __scatterload_rt2_thumb_only             0x08000139   Thumb Code     0  __scatter.o(!!!scatter)
    __scatterload_null                       0x08000147   Thumb Code     0  __scatter.o(!!!scatter)
    __scatterload_copy                       0x0800016d   Thumb Code    26  __scatter_copy.o(!!handler_copy)
    __scatterload_zeroinit                   0x08000189   Thumb Code    28  __scatter_zi.o(!!handler_zi)
    _printf_n                                0x080001a5   Thumb Code     0  _printf_n.o(.ARM.Collect$$_printf_percent$$00000001)
    _printf_percent                          0x080001a5   Thumb Code     0  _printf_percent.o(.ARM.Collect$$_printf_percent$$00000000)
    _printf_p                                0x080001ab   Thumb Code     0  _printf_p.o(.ARM.Collect$$_printf_percent$$00000002)
    _printf_f                                0x080001b1   Thumb Code     0  _printf_f.o(.ARM.Collect$$_printf_percent$$00000003)
    _printf_e                                0x080001b7   Thumb Code     0  _printf_e.o(.ARM.Collect$$_printf_percent$$00000004)
    _printf_g                                0x080001bd   Thumb Code     0  _printf_g.o(.ARM.Collect$$_printf_percent$$00000005)
    _printf_a                                0x080001c3   Thumb Code     0  _printf_a.o(.ARM.Collect$$_printf_percent$$00000006)
    _printf_ll                               0x080001c9   Thumb Code     0  _printf_ll.o(.ARM.Collect$$_printf_percent$$00000007)
    _printf_i                                0x080001d3   Thumb Code     0  _printf_i.o(.ARM.Collect$$_printf_percent$$00000008)
    _printf_d                                0x080001d9   Thumb Code     0  _printf_d.o(.ARM.Collect$$_printf_percent$$00000009)
    _printf_u                                0x080001df   Thumb Code     0  _printf_u.o(.ARM.Collect$$_printf_percent$$0000000A)
    _printf_o                                0x080001e5   Thumb Code     0  _printf_o.o(.ARM.Collect$$_printf_percent$$0000000B)
    _printf_x                                0x080001eb   Thumb Code     0  _printf_x.o(.ARM.Collect$$_printf_percent$$0000000C)
    _printf_lli                              0x080001f1   Thumb Code     0  _printf_lli.o(.ARM.Collect$$_printf_percent$$0000000D)
    _printf_lld                              0x080001f7   Thumb Code     0  _printf_lld.o(.ARM.Collect$$_printf_percent$$0000000E)
    _printf_llu                              0x080001fd   Thumb Code     0  _printf_llu.o(.ARM.Collect$$_printf_percent$$0000000F)
    _printf_llo                              0x08000203   Thumb Code     0  _printf_llo.o(.ARM.Collect$$_printf_percent$$00000010)
    _printf_llx                              0x08000209   Thumb Code     0  _printf_llx.o(.ARM.Collect$$_printf_percent$$00000011)
    _printf_l                                0x0800020f   Thumb Code     0  _printf_l.o(.ARM.Collect$$_printf_percent$$00000012)
    _printf_c                                0x08000219   Thumb Code     0  _printf_c.o(.ARM.Collect$$_printf_percent$$00000013)
    _printf_s                                0x0800021f   Thumb Code     0  _printf_s.o(.ARM.Collect$$_printf_percent$$00000014)
    _printf_lc                               0x08000225   Thumb Code     0  _printf_lc.o(.ARM.Collect$$_printf_percent$$00000015)
    _printf_ls                               0x0800022b   Thumb Code     0  _printf_ls.o(.ARM.Collect$$_printf_percent$$00000016)
    _printf_percent_end                      0x08000231   Thumb Code     0  _printf_percent_end.o(.ARM.Collect$$_printf_percent$$00000017)
    __rt_lib_init                            0x08000235   Thumb Code     0  libinit.o(.ARM.Collect$$libinit$$00000000)
    __rt_lib_init_fp_1                       0x08000237   Thumb Code     0  libinit2.o(.ARM.Collect$$libinit$$00000002)
    __rt_lib_init_heap_1                     0x08000237   Thumb Code     0  libinit2.o(.ARM.Collect$$libinit$$0000000A)
    __rt_lib_init_lc_common                  0x08000237   Thumb Code     0  libinit2.o(.ARM.Collect$$libinit$$0000000F)
    __rt_lib_init_preinit_1                  0x08000237   Thumb Code     0  libinit2.o(.ARM.Collect$$libinit$$00000004)
    __rt_lib_init_rand_1                     0x08000237   Thumb Code     0  libinit2.o(.ARM.Collect$$libinit$$0000000E)
    __rt_lib_init_user_alloc_1               0x08000237   Thumb Code     0  libinit2.o(.ARM.Collect$$libinit$$0000000C)
    __rt_lib_init_lc_collate_1               0x0800023d   Thumb Code     0  libinit2.o(.ARM.Collect$$libinit$$00000011)
    __rt_lib_init_lc_ctype_2                 0x0800023d   Thumb Code     0  libinit2.o(.ARM.Collect$$libinit$$00000012)
    __rt_lib_init_lc_ctype_1                 0x08000249   Thumb Code     0  libinit2.o(.ARM.Collect$$libinit$$00000013)
    __rt_lib_init_lc_monetary_1              0x08000249   Thumb Code     0  libinit2.o(.ARM.Collect$$libinit$$00000015)
    __rt_lib_init_lc_numeric_2               0x08000249   Thumb Code     0  libinit2.o(.ARM.Collect$$libinit$$00000016)
    __rt_lib_init_alloca_1                   0x08000253   Thumb Code     0  libinit2.o(.ARM.Collect$$libinit$$0000002E)
    __rt_lib_init_argv_1                     0x08000253   Thumb Code     0  libinit2.o(.ARM.Collect$$libinit$$0000002C)
    __rt_lib_init_atexit_1                   0x08000253   Thumb Code     0  libinit2.o(.ARM.Collect$$libinit$$0000001B)
    __rt_lib_init_clock_1                    0x08000253   Thumb Code     0  libinit2.o(.ARM.Collect$$libinit$$00000021)
    __rt_lib_init_cpp_1                      0x08000253   Thumb Code     0  libinit2.o(.ARM.Collect$$libinit$$00000032)
    __rt_lib_init_exceptions_1               0x08000253   Thumb Code     0  libinit2.o(.ARM.Collect$$libinit$$00000030)
    __rt_lib_init_fp_trap_1                  0x08000253   Thumb Code     0  libinit2.o(.ARM.Collect$$libinit$$0000001F)
    __rt_lib_init_getenv_1                   0x08000253   Thumb Code     0  libinit2.o(.ARM.Collect$$libinit$$00000023)
    __rt_lib_init_lc_numeric_1               0x08000253   Thumb Code     0  libinit2.o(.ARM.Collect$$libinit$$00000017)
    __rt_lib_init_lc_time_1                  0x08000253   Thumb Code     0  libinit2.o(.ARM.Collect$$libinit$$00000019)
    __rt_lib_init_return                     0x08000253   Thumb Code     0  libinit2.o(.ARM.Collect$$libinit$$00000033)
    __rt_lib_init_signal_1                   0x08000253   Thumb Code     0  libinit2.o(.ARM.Collect$$libinit$$0000001D)
    __rt_lib_init_stdio_1                    0x08000253   Thumb Code     0  libinit2.o(.ARM.Collect$$libinit$$00000025)
    __rt_lib_shutdown                        0x08000255   Thumb Code     0  libshutdown.o(.ARM.Collect$$libshutdown$$00000000)
    __rt_lib_shutdown_fp_trap_1              0x08000257   Thumb Code     0  libshutdown2.o(.ARM.Collect$$libshutdown$$00000006)
    __rt_lib_shutdown_heap_1                 0x08000257   Thumb Code     0  libshutdown2.o(.ARM.Collect$$libshutdown$$0000000E)
    __rt_lib_shutdown_return                 0x08000257   Thumb Code     0  libshutdown2.o(.ARM.Collect$$libshutdown$$0000000F)
    __rt_lib_shutdown_signal_1               0x08000257   Thumb Code     0  libshutdown2.o(.ARM.Collect$$libshutdown$$00000009)
    __rt_lib_shutdown_stdio_1                0x08000257   Thumb Code     0  libshutdown2.o(.ARM.Collect$$libshutdown$$00000003)
    __rt_lib_shutdown_user_alloc_1           0x08000257   Thumb Code     0  libshutdown2.o(.ARM.Collect$$libshutdown$$0000000B)
    __rt_entry                               0x08000259   Thumb Code     0  __rtentry.o(.ARM.Collect$$rtentry$$00000000)
    __rt_entry_presh_1                       0x08000259   Thumb Code     0  __rtentry2.o(.ARM.Collect$$rtentry$$00000002)
    __rt_entry_sh                            0x08000259   Thumb Code     0  __rtentry4.o(.ARM.Collect$$rtentry$$00000004)
    __rt_entry_li                            0x0800025f   Thumb Code     0  __rtentry2.o(.ARM.Collect$$rtentry$$0000000A)
    __rt_entry_postsh_1                      0x0800025f   Thumb Code     0  __rtentry2.o(.ARM.Collect$$rtentry$$00000009)
    __rt_entry_main                          0x08000263   Thumb Code     0  __rtentry2.o(.ARM.Collect$$rtentry$$0000000D)
    __rt_entry_postli_1                      0x08000263   Thumb Code     0  __rtentry2.o(.ARM.Collect$$rtentry$$0000000C)
    __rt_exit                                0x0800026b   Thumb Code     0  rtexit.o(.ARM.Collect$$rtexit$$00000000)
    __rt_exit_ls                             0x0800026d   Thumb Code     0  rtexit2.o(.ARM.Collect$$rtexit$$00000003)
    __rt_exit_prels_1                        0x0800026d   Thumb Code     0  rtexit2.o(.ARM.Collect$$rtexit$$00000002)
    __rt_exit_exit                           0x08000271   Thumb Code     0  rtexit2.o(.ARM.Collect$$rtexit$$00000004)
    Reset_Handler                            0x08000279   Thumb Code     8  startup_stm32f10x_hd.o(.text)
    ADC1_2_IRQHandler                        0x08000293   Thumb Code     0  startup_stm32f10x_hd.o(.text)
    ADC3_IRQHandler                          0x08000293   Thumb Code     0  startup_stm32f10x_hd.o(.text)
    CAN1_RX1_IRQHandler                      0x08000293   Thumb Code     0  startup_stm32f10x_hd.o(.text)
    CAN1_SCE_IRQHandler                      0x08000293   Thumb Code     0  startup_stm32f10x_hd.o(.text)
    DMA1_Channel1_IRQHandler                 0x08000293   Thumb Code     0  startup_stm32f10x_hd.o(.text)
    DMA1_Channel2_IRQHandler                 0x08000293   Thumb Code     0  startup_stm32f10x_hd.o(.text)
    DMA1_Channel3_IRQHandler                 0x08000293   Thumb Code     0  startup_stm32f10x_hd.o(.text)
    DMA1_Channel4_IRQHandler                 0x08000293   Thumb Code     0  startup_stm32f10x_hd.o(.text)
    DMA1_Channel5_IRQHandler                 0x08000293   Thumb Code     0  startup_stm32f10x_hd.o(.text)
    DMA1_Channel6_IRQHandler                 0x08000293   Thumb Code     0  startup_stm32f10x_hd.o(.text)
    DMA1_Channel7_IRQHandler                 0x08000293   Thumb Code     0  startup_stm32f10x_hd.o(.text)
    DMA2_Channel1_IRQHandler                 0x08000293   Thumb Code     0  startup_stm32f10x_hd.o(.text)
    DMA2_Channel2_IRQHandler                 0x08000293   Thumb Code     0  startup_stm32f10x_hd.o(.text)
    DMA2_Channel3_IRQHandler                 0x08000293   Thumb Code     0  startup_stm32f10x_hd.o(.text)
    DMA2_Channel4_5_IRQHandler               0x08000293   Thumb Code     0  startup_stm32f10x_hd.o(.text)
    EXTI0_IRQHandler                         0x08000293   Thumb Code     0  startup_stm32f10x_hd.o(.text)
    EXTI2_IRQHandler                         0x08000293   Thumb Code     0  startup_stm32f10x_hd.o(.text)
    EXTI3_IRQHandler                         0x08000293   Thumb Code     0  startup_stm32f10x_hd.o(.text)
    EXTI4_IRQHandler                         0x08000293   Thumb Code     0  startup_stm32f10x_hd.o(.text)
    FLASH_IRQHandler                         0x08000293   Thumb Code     0  startup_stm32f10x_hd.o(.text)
    FSMC_IRQHandler                          0x08000293   Thumb Code     0  startup_stm32f10x_hd.o(.text)
    I2C1_ER_IRQHandler                       0x08000293   Thumb Code     0  startup_stm32f10x_hd.o(.text)
    I2C1_EV_IRQHandler                       0x08000293   Thumb Code     0  startup_stm32f10x_hd.o(.text)
    I2C2_ER_IRQHandler                       0x08000293   Thumb Code     0  startup_stm32f10x_hd.o(.text)
    I2C2_EV_IRQHandler                       0x08000293   Thumb Code     0  startup_stm32f10x_hd.o(.text)
    PVD_IRQHandler                           0x08000293   Thumb Code     0  startup_stm32f10x_hd.o(.text)
    RCC_IRQHandler                           0x08000293   Thumb Code     0  startup_stm32f10x_hd.o(.text)
    RTCAlarm_IRQHandler                      0x08000293   Thumb Code     0  startup_stm32f10x_hd.o(.text)
    RTC_IRQHandler                           0x08000293   Thumb Code     0  startup_stm32f10x_hd.o(.text)
    SDIO_IRQHandler                          0x08000293   Thumb Code     0  startup_stm32f10x_hd.o(.text)
    SPI1_IRQHandler                          0x08000293   Thumb Code     0  startup_stm32f10x_hd.o(.text)
    SPI2_IRQHandler                          0x08000293   Thumb Code     0  startup_stm32f10x_hd.o(.text)
    SPI3_IRQHandler                          0x08000293   Thumb Code     0  startup_stm32f10x_hd.o(.text)
    TAMPER_IRQHandler                        0x08000293   Thumb Code     0  startup_stm32f10x_hd.o(.text)
    TIM1_BRK_IRQHandler                      0x08000293   Thumb Code     0  startup_stm32f10x_hd.o(.text)
    TIM1_CC_IRQHandler                       0x08000293   Thumb Code     0  startup_stm32f10x_hd.o(.text)
    TIM1_TRG_COM_IRQHandler                  0x08000293   Thumb Code     0  startup_stm32f10x_hd.o(.text)
    TIM1_UP_IRQHandler                       0x08000293   Thumb Code     0  startup_stm32f10x_hd.o(.text)
    TIM4_IRQHandler                          0x08000293   Thumb Code     0  startup_stm32f10x_hd.o(.text)
    TIM5_IRQHandler                          0x08000293   Thumb Code     0  startup_stm32f10x_hd.o(.text)
    TIM6_IRQHandler                          0x08000293   Thumb Code     0  startup_stm32f10x_hd.o(.text)
    TIM7_IRQHandler                          0x08000293   Thumb Code     0  startup_stm32f10x_hd.o(.text)
    TIM8_BRK_IRQHandler                      0x08000293   Thumb Code     0  startup_stm32f10x_hd.o(.text)
    TIM8_CC_IRQHandler                       0x08000293   Thumb Code     0  startup_stm32f10x_hd.o(.text)
    TIM8_TRG_COM_IRQHandler                  0x08000293   Thumb Code     0  startup_stm32f10x_hd.o(.text)
    TIM8_UP_IRQHandler                       0x08000293   Thumb Code     0  startup_stm32f10x_hd.o(.text)
    UART4_IRQHandler                         0x08000293   Thumb Code     0  startup_stm32f10x_hd.o(.text)
    UART5_IRQHandler                         0x08000293   Thumb Code     0  startup_stm32f10x_hd.o(.text)
    USART3_IRQHandler                        0x08000293   Thumb Code     0  startup_stm32f10x_hd.o(.text)
    USBWakeUp_IRQHandler                     0x08000293   Thumb Code     0  startup_stm32f10x_hd.o(.text)
    USB_HP_CAN1_TX_IRQHandler                0x08000293   Thumb Code     0  startup_stm32f10x_hd.o(.text)
    USB_LP_CAN1_RX0_IRQHandler               0x08000293   Thumb Code     0  startup_stm32f10x_hd.o(.text)
    WWDG_IRQHandler                          0x08000293   Thumb Code     0  startup_stm32f10x_hd.o(.text)
    __user_initial_stackheap                 0x08000295   Thumb Code     0  startup_stm32f10x_hd.o(.text)
    __use_no_semihosting                     0x080002b9   Thumb Code     2  use_no_semi_2.o(.text)
    __c89vsprintf                            0x080002bd   Thumb Code    32  c89vsprintf.o(.text)
    __2printf                                0x080002e1   Thumb Code    20  __2printf.o(.text)
    __2sprintf                               0x080002f9   Thumb Code    38  __2sprintf.o(.text)
    _printf_str                              0x08000325   Thumb Code    82  _printf_str.o(.text)
    __printf                                 0x08000379   Thumb Code   388  __printf_flags_ss_wp.o(.text)
    strstr                                   0x08000501   Thumb Code    36  strstr.o(.text)
    strlen                                   0x08000525   Thumb Code    62  strlen.o(.text)
    strcmp                                   0x08000565   Thumb Code   128  strcmpv7m.o(.text)
    __use_two_region_memory                  0x080005e5   Thumb Code     2  heapauxi.o(.text)
    __rt_heap_escrow$2region                 0x080005e7   Thumb Code     2  heapauxi.o(.text)
    __rt_heap_expand$2region                 0x080005e9   Thumb Code     2  heapauxi.o(.text)
    __I$use$semihosting                      0x080005eb   Thumb Code     0  use_no_semi.o(.text)
    __use_no_semihosting_swi                 0x080005eb   Thumb Code     2  use_no_semi.o(.text)
    _printf_pre_padding                      0x080005ed   Thumb Code    44  _printf_pad.o(.text)
    _printf_post_padding                     0x08000619   Thumb Code    34  _printf_pad.o(.text)
    _printf_truncate_signed                  0x0800063b   Thumb Code    18  _printf_truncate.o(.text)
    _printf_truncate_unsigned                0x0800064d   Thumb Code    18  _printf_truncate.o(.text)
    _printf_int_dec                          0x08000661   Thumb Code   104  _printf_dec.o(.text)
    _printf_charcount                        0x080006d9   Thumb Code    40  _printf_charcount.o(.text)
    _printf_char_common                      0x0800070b   Thumb Code    32  _printf_char_common.o(.text)
    _sputc                                   0x08000731   Thumb Code    10  _sputc.o(.text)
    _printf_cs_common                        0x0800073b   Thumb Code    20  _printf_char.o(.text)
    _printf_char                             0x0800074f   Thumb Code    16  _printf_char.o(.text)
    _printf_string                           0x0800075f   Thumb Code     8  _printf_char.o(.text)
    _printf_char_file                        0x08000769   Thumb Code    32  _printf_char_file.o(.text)
    _printf_wctomb                           0x0800078d   Thumb Code   182  _printf_wctomb.o(.text)
    _printf_longlong_dec                     0x08000849   Thumb Code   108  _printf_longlong_dec.o(.text)
    _printf_longlong_oct                     0x080008c5   Thumb Code    68  _printf_oct_int_ll.o(.text)
    _printf_int_oct                          0x08000909   Thumb Code    24  _printf_oct_int_ll.o(.text)
    _printf_ll_oct                           0x08000921   Thumb Code    12  _printf_oct_int_ll.o(.text)
    _printf_longlong_hex                     0x08000935   Thumb Code    86  _printf_hex_int_ll_ptr.o(.text)
    _printf_int_hex                          0x0800098b   Thumb Code    28  _printf_hex_int_ll_ptr.o(.text)
    _printf_ll_hex                           0x080009a7   Thumb Code    12  _printf_hex_int_ll_ptr.o(.text)
    _printf_hex_ptr                          0x080009b3   Thumb Code    18  _printf_hex_int_ll_ptr.o(.text)
    _ll_udiv10                               0x080009c9   Thumb Code   138  lludiv10.o(.text)
    _printf_int_common                       0x08000a53   Thumb Code   178  _printf_intcommon.o(.text)
    __lib_sel_fp_printf                      0x08000b05   Thumb Code     2  _printf_fp_dec.o(.text)
    _printf_fp_dec_real                      0x08000cb3   Thumb Code   620  _printf_fp_dec.o(.text)
    _printf_lcs_common                       0x08000f1f   Thumb Code    20  _printf_wchar.o(.text)
    _printf_wchar                            0x08000f33   Thumb Code    16  _printf_wchar.o(.text)
    _printf_wstring                          0x08000f43   Thumb Code     8  _printf_wchar.o(.text)
    ferror                                   0x08000f4b   Thumb Code     8  ferror.o(.text)
    _wcrtomb                                 0x08000f53   Thumb Code    64  _wcrtomb.o(.text)
    __user_setup_stackheap                   0x08000f93   Thumb Code    74  sys_stackheap_outer.o(.text)
    __rt_ctype_table                         0x08000fdd   Thumb Code    16  rt_ctype_table.o(.text)
    __rt_locale                              0x08000fed   Thumb Code     8  rt_locale_intlibspace.o(.text)
    _printf_fp_infnan                        0x08000ff5   Thumb Code   112  _printf_fp_infnan.o(.text)
    _btod_etento                             0x08001075   Thumb Code   216  bigflt0.o(.text)
    exit                                     0x08001151   Thumb Code    12  exit.o(.text)
    __user_libspace                          0x0800115d   Thumb Code     8  libspace.o(.text)
    __user_perproc_libspace                  0x0800115d   Thumb Code     0  libspace.o(.text)
    __user_perthread_libspace                0x0800115d   Thumb Code     0  libspace.o(.text)
    _btod_d2e                                0x08001165   Thumb Code    62  btod.o(CL$$btod_d2e)
    _d2e_denorm_low                          0x080011a3   Thumb Code    70  btod.o(CL$$btod_d2e_denorm_low)
    _d2e_norm_op1                            0x080011e9   Thumb Code    96  btod.o(CL$$btod_d2e_norm_op1)
    __btod_div_common                        0x08001249   Thumb Code   696  btod.o(CL$$btod_div_common)
    _e2e                                     0x08001581   Thumb Code   198  btod.o(CL$$btod_e2e)
    _btod_ediv                               0x08001647   Thumb Code    40  btod.o(CL$$btod_ediv)
    _btod_emul                               0x0800166f   Thumb Code    40  btod.o(CL$$btod_emul)
    __btod_mult_common                       0x08001697   Thumb Code   580  btod.o(CL$$btod_mult_common)
    BEEP_Init                                0x080018dd   Thumb Code    50  beep.o(i.BEEP_Init)
    BusFault_Handler                         0x08001915   Thumb Code     4  stm32f10x_it.o(i.BusFault_Handler)
    DebugMon_Handler                         0x08001919   Thumb Code     2  stm32f10x_it.o(i.DebugMon_Handler)
    EXTI15_10_IRQHandler                     0x0800191d   Thumb Code   198  ultrasonicwave.o(i.EXTI15_10_IRQHandler)
    EXTI1_IRQHandler                         0x080019fd   Thumb Code   202  ultrasonicwave.o(i.EXTI1_IRQHandler)
    EXTI9_5_IRQHandler                       0x08001ae1   Thumb Code   202  ultrasonicwave.o(i.EXTI9_5_IRQHandler)
    EXTI_ClearITPendingBit                   0x08001bc5   Thumb Code     6  stm32f10x_exti.o(i.EXTI_ClearITPendingBit)
    EXTI_GetITStatus                         0x08001bd1   Thumb Code    34  stm32f10x_exti.o(i.EXTI_GetITStatus)
    EXTI_Init                                0x08001bf9   Thumb Code   142  stm32f10x_exti.o(i.EXTI_Init)
    GPIO_EXTILineConfig                      0x08001c8d   Thumb Code    60  stm32f10x_gpio.o(i.GPIO_EXTILineConfig)
    GPIO_Init                                0x08001ccd   Thumb Code   278  stm32f10x_gpio.o(i.GPIO_Init)
    GPIO_PinRemapConfig                      0x08001de5   Thumb Code   138  stm32f10x_gpio.o(i.GPIO_PinRemapConfig)
    GPIO_ReadInputDataBit                    0x08001e75   Thumb Code    18  stm32f10x_gpio.o(i.GPIO_ReadInputDataBit)
    GPIO_ResetBits                           0x08001e87   Thumb Code     4  stm32f10x_gpio.o(i.GPIO_ResetBits)
    GPIO_SetBits                             0x08001e8b   Thumb Code     4  stm32f10x_gpio.o(i.GPIO_SetBits)
    GPIO_StructInit                          0x08001e8f   Thumb Code    16  stm32f10x_gpio.o(i.GPIO_StructInit)
    HardFault_Handler                        0x08001e9f   Thumb Code     4  stm32f10x_it.o(i.HardFault_Handler)
    MemManage_Handler                        0x08001ea3   Thumb Code     4  stm32f10x_it.o(i.MemManage_Handler)
    NMI_Handler                              0x08001ea7   Thumb Code     2  stm32f10x_it.o(i.NMI_Handler)
    NVIC_Init                                0x08001ea9   Thumb Code   100  misc.o(i.NVIC_Init)
    NVIC_PriorityGroupConfig                 0x08001f19   Thumb Code    10  misc.o(i.NVIC_PriorityGroupConfig)
    PendSV_Handler                           0x08001f2d   Thumb Code     2  stm32f10x_it.o(i.PendSV_Handler)
    RCC_APB1PeriphClockCmd                   0x08001f31   Thumb Code    26  stm32f10x_rcc.o(i.RCC_APB1PeriphClockCmd)
    RCC_APB2PeriphClockCmd                   0x08001f51   Thumb Code    26  stm32f10x_rcc.o(i.RCC_APB2PeriphClockCmd)
    RCC_GetClocksFreq                        0x08001f71   Thumb Code   192  stm32f10x_rcc.o(i.RCC_GetClocksFreq)
    SVC_Handler                              0x08002045   Thumb Code     2  stm32f10x_it.o(i.SVC_Handler)
    SysTick_CLKSourceConfig                  0x08002131   Thumb Code    40  misc.o(i.SysTick_CLKSourceConfig)
    SysTick_Handler                          0x08002159   Thumb Code     2  stm32f10x_it.o(i.SysTick_Handler)
    SystemInit                               0x0800215d   Thumb Code    78  system_stm32f10x.o(i.SystemInit)
    TIM2_IRQHandler                          0x080021bd   Thumb Code    22  timer.o(i.TIM2_IRQHandler)
    TIM3_IRQHandler                          0x080021d5   Thumb Code    50  timer.o(i.TIM3_IRQHandler)
    TIM3_Int_Init                            0x0800221d   Thumb Code    90  timer.o(i.TIM3_Int_Init)
    TIM_ClearITPendingBit                    0x0800227d   Thumb Code     6  stm32f10x_tim.o(i.TIM_ClearITPendingBit)
    TIM_Cmd                                  0x08002283   Thumb Code    24  stm32f10x_tim.o(i.TIM_Cmd)
    TIM_GetCounter                           0x0800229b   Thumb Code     6  stm32f10x_tim.o(i.TIM_GetCounter)
    TIM_GetITStatus                          0x080022a1   Thumb Code    34  stm32f10x_tim.o(i.TIM_GetITStatus)
    TIM_ITConfig                             0x080022c3   Thumb Code    18  stm32f10x_tim.o(i.TIM_ITConfig)
    TIM_SetCounter                           0x080022d5   Thumb Code     4  stm32f10x_tim.o(i.TIM_SetCounter)
    TIM_TimeBaseInit                         0x080022d9   Thumb Code   122  stm32f10x_tim.o(i.TIM_TimeBaseInit)
    Timerx_Init                              0x0800237d   Thumb Code    92  timer.o(i.Timerx_Init)
    USART1_IRQHandler                        0x080023d9   Thumb Code   122  usart.o(i.USART1_IRQHandler)
    USART2_IRQHandler                        0x08002461   Thumb Code    94  usart2.o(i.USART2_IRQHandler)
    USART_Cmd                                0x080024d1   Thumb Code    24  stm32f10x_usart.o(i.USART_Cmd)
    USART_GetFlagStatus                      0x080024e9   Thumb Code    26  stm32f10x_usart.o(i.USART_GetFlagStatus)
    USART_GetITStatus                        0x08002503   Thumb Code    84  stm32f10x_usart.o(i.USART_GetITStatus)
    USART_ITConfig                           0x08002557   Thumb Code    74  stm32f10x_usart.o(i.USART_ITConfig)
    USART_Init                               0x080025a1   Thumb Code   210  stm32f10x_usart.o(i.USART_Init)
    USART_ReceiveData                        0x08002679   Thumb Code    10  stm32f10x_usart.o(i.USART_ReceiveData)
    USART_SendData                           0x08002683   Thumb Code     8  stm32f10x_usart.o(i.USART_SendData)
    UltrasonicWave_Configuration             0x0800268d   Thumb Code   358  ultrasonicwave.o(i.UltrasonicWave_Configuration)
    UltrasonicWave_StartMeasure              0x080027fd   Thumb Code    96  ultrasonicwave.o(i.UltrasonicWave_StartMeasure)
    UpLoad                                   0x08002861   Thumb Code    18  wifi.o(i.UpLoad)
    UsageFault_Handler                       0x08002879   Thumb Code     4  stm32f10x_it.o(i.UsageFault_Handler)
    __ARM_fpclassify                         0x0800287d   Thumb Code    40  fpclassify.o(i.__ARM_fpclassify)
    _is_digit                                0x080028a5   Thumb Code    14  __printf_wp.o(i._is_digit)
    _sys_exit                                0x080028b3   Thumb Code     6  usart.o(i._sys_exit)
    check_relay                              0x080028b9   Thumb Code   248  main.o(i.check_relay)
    cmd_init                                 0x080029fd   Thumb Code   116  main.o(i.cmd_init)
    control_init                             0x08002bc9   Thumb Code    76  main.o(i.control_init)
    delay_init                               0x08002cf1   Thumb Code    50  delay.o(i.delay_init)
    delay_ms                                 0x08002d35   Thumb Code    72  delay.o(i.delay_ms)
    delay_us                                 0x08002d81   Thumb Code    72  delay.o(i.delay_us)
    fputc                                    0x08002dcd   Thumb Code    24  usart.o(i.fputc)
    main                                     0x08002de9   Thumb Code   134  main.o(i.main)
    relay_close                              0x08002eb5   Thumb Code    64  ultrasonicwave.o(i.relay_close)
    relay_init                               0x08002ef9   Thumb Code   160  ultrasonicwave.o(i.relay_init)
    relay_open                               0x08002fa1   Thumb Code    64  ultrasonicwave.o(i.relay_open)
    send_all                                 0x08002fe5   Thumb Code   158  main.o(i.send_all)
    u2_printf                                0x080030d9   Thumb Code    72  usart2.o(i.u2_printf)
    uart2_init                               0x08003129   Thumb Code   178  usart2.o(i.uart2_init)
    uart_init                                0x080031ed   Thumb Code   152  usart.o(i.uart_init)
    wifi_check_cmd                           0x0800328d   Thumb Code    52  wifi.o(i.wifi_check_cmd)
    wifi_init                                0x080032d1   Thumb Code   184  wifi.o(i.wifi_init)
    wifi_send_cmd                            0x08003465   Thumb Code   102  wifi.o(i.wifi_send_cmd)
    _get_lc_numeric                          0x080034e9   Thumb Code    44  lc_numeric_c.o(locale$$code)
    _get_lc_ctype                            0x08003515   Thumb Code    44  lc_ctype_c.o(locale$$code)
    __aeabi_d2f                              0x08003541   Thumb Code     0  d2f.o(x$fpl$d2f)
    _d2f                                     0x08003541   Thumb Code    98  d2f.o(x$fpl$d2f)
    __aeabi_ddiv                             0x080035a5   Thumb Code     0  ddiv.o(x$fpl$ddiv)
    _ddiv                                    0x080035a5   Thumb Code   552  ddiv.o(x$fpl$ddiv)
    __aeabi_i2d                              0x08003855   Thumb Code     0  dflt_clz.o(x$fpl$dflt)
    _dflt                                    0x08003855   Thumb Code    46  dflt_clz.o(x$fpl$dflt)
    __fpl_dnaninf                            0x08003883   Thumb Code   156  dnaninf.o(x$fpl$dnaninf)
    __fpl_dretinf                            0x0800391f   Thumb Code    12  dretinf.o(x$fpl$dretinf)
    __fpl_fcmp_Inf                           0x0800392b   Thumb Code    24  fcmpi.o(x$fpl$fcmpinf)
    __aeabi_cfcmple                          0x08003945   Thumb Code     0  fleqf.o(x$fpl$fleqf)
    _fcmple                                  0x08003945   Thumb Code   104  fleqf.o(x$fpl$fleqf)
    __fpl_fcmple_InfNaN                      0x08003997   Thumb Code     0  fleqf.o(x$fpl$fleqf)
    __fpl_fnaninf                            0x080039ad   Thumb Code   140  fnaninf.o(x$fpl$fnaninf)
    __fpl_fretinf                            0x08003a39   Thumb Code    10  fretinf.o(x$fpl$fretinf)
    __aeabi_cfrcmple                         0x08003a43   Thumb Code     0  frleqf.o(x$fpl$frleqf)
    _frcmple                                 0x08003a43   Thumb Code    98  frleqf.o(x$fpl$frleqf)
    _printf_fp_dec                           0x08003aa5   Thumb Code     4  printf1.o(x$fpl$printf1)
    __I$use$fp                               0x08003aa8   Number         0  usenofp.o(x$fpl$usenofp)
    Region$$Table$$Base                      0x08003b80   Number         0  anon$$obj.o(Region$$Table)
    Region$$Table$$Limit                     0x08003ba0   Number         0  anon$$obj.o(Region$$Table)
    __ctype                                  0x08003bc9   Data           0  lc_ctype_c.o(locale$$data)
    number                                   0x20000000   Data           4  main.o(.data)
    hcsr1                                    0x20000004   Data           4  main.o(.data)
    hcsr2                                    0x20000008   Data           4  main.o(.data)
    hcsr3                                    0x2000000c   Data           4  main.o(.data)
    relay1                                   0x20000010   Data           1  main.o(.data)
    relay2                                   0x20000011   Data           1  main.o(.data)
    relay3                                   0x20000012   Data           1  main.o(.data)
    relay_main                               0x20000013   Data           1  main.o(.data)
    SystemCoreClock                          0x20000014   Data           4  system_stm32f10x.o(.data)
    AHBPrescTable                            0x20000018   Data          16  system_stm32f10x.o(.data)
    __stdout                                 0x2000002c   Data           4  usart.o(.data)
    USART_RX_STA                             0x20000030   Data           2  usart.o(.data)
    USART2_RX_STA                            0x20000046   Data           2  usart2.o(.data)
    status_hcsr_1_1                          0x20000048   Data         128  main.o(.bss)
    status_hcsr_2_1                          0x200000c8   Data         128  main.o(.bss)
    status_hcsr_3_1                          0x20000148   Data         128  main.o(.bss)
    status_hcsr_1_0                          0x200001c8   Data         128  main.o(.bss)
    status_hcsr_2_0                          0x20000248   Data         128  main.o(.bss)
    status_hcsr_3_0                          0x200002c8   Data         128  main.o(.bss)
    status_relay_1_1                         0x20000348   Data         128  main.o(.bss)
    status_relay_2_1                         0x200003c8   Data         128  main.o(.bss)
    status_relay_3_1                         0x20000448   Data         128  main.o(.bss)
    status_relay_1_0                         0x200004c8   Data         128  main.o(.bss)
    status_relay_2_0                         0x20000548   Data         128  main.o(.bss)
    status_relay_3_0                         0x200005c8   Data         128  main.o(.bss)
    status_relay_main_1                      0x20000648   Data         128  main.o(.bss)
    status_relay_main_0                      0x200006c8   Data         128  main.o(.bss)
    control_relay_1_1                        0x20000748   Data         128  main.o(.bss)
    control_relay_2_1                        0x200007c8   Data         128  main.o(.bss)
    control_relay_3_1                        0x20000848   Data         128  main.o(.bss)
    control_relay_1_0                        0x200008c8   Data         128  main.o(.bss)
    control_relay_2_0                        0x20000948   Data         128  main.o(.bss)
    control_relay_3_0                        0x200009c8   Data         128  main.o(.bss)
    control_relay_main_1                     0x20000a48   Data         128  main.o(.bss)
    control_relay_main_0                     0x20000ac8   Data         128  main.o(.bss)
    control_getinfo                          0x20000b48   Data         128  main.o(.bss)
    send_cmd                                 0x20000bc8   Data         128  main.o(.bss)
    send_cmd_test                            0x20000c48   Data         128  main.o(.bss)
    USART_RX_BUF                             0x20000cc8   Data         200  usart.o(.bss)
    USART2_RX_BUF                            0x20000d90   Data        1024  usart2.o(.bss)
    USART2_TX_BUF                            0x20001190   Data         128  usart2.o(.bss)
    mark                                     0x20001210   Data          12  ultrasonicwave.o(.bss)
    num                                      0x2000121c   Data          12  ultrasonicwave.o(.bss)
    __libspace_start                         0x20001228   Data          96  libspace.o(.bss)
    __temporary_stack_top$libspace           0x20001288   Data           0  libspace.o(.bss)



==============================================================================

Memory Map of the image

  Image Entry point : 0x08000279

  Load Region LR_1 (Base: 0x08000000, Size: 0x00003d14, Max: 0xffffffff, ABSOLUTE)

    Execution Region ER_RO (Base: 0x08000000, Size: 0x00003ccc, Max: 0xffffffff, ABSOLUTE)

    Base Addr    Size         Type   Attr      Idx    E Section Name        Object

    0x08000000   0x00000130   Data   RO          402    RESET               startup_stm32f10x_hd.o
    0x08000130   0x00000008   Code   RO         3687  * !!!main             c_w.l(__main.o)
    0x08000138   0x00000034   Code   RO         4000    !!!scatter          c_w.l(__scatter.o)
    0x0800016c   0x0000001a   Code   RO         4002    !!handler_copy      c_w.l(__scatter_copy.o)
    0x08000186   0x00000002   PAD
    0x08000188   0x0000001c   Code   RO         4004    !!handler_zi        c_w.l(__scatter_zi.o)
    0x080001a4   0x00000000   Code   RO         3678    .ARM.Collect$$_printf_percent$$00000000  c_w.l(_printf_percent.o)
    0x080001a4   0x00000006   Code   RO         3757    .ARM.Collect$$_printf_percent$$00000001  c_w.l(_printf_n.o)
    0x080001aa   0x00000006   Code   RO         3759    .ARM.Collect$$_printf_percent$$00000002  c_w.l(_printf_p.o)
    0x080001b0   0x00000006   Code   RO         3764    .ARM.Collect$$_printf_percent$$00000003  c_w.l(_printf_f.o)
    0x080001b6   0x00000006   Code   RO         3765    .ARM.Collect$$_printf_percent$$00000004  c_w.l(_printf_e.o)
    0x080001bc   0x00000006   Code   RO         3766    .ARM.Collect$$_printf_percent$$00000005  c_w.l(_printf_g.o)
    0x080001c2   0x00000006   Code   RO         3767    .ARM.Collect$$_printf_percent$$00000006  c_w.l(_printf_a.o)
    0x080001c8   0x0000000a   Code   RO         3772    .ARM.Collect$$_printf_percent$$00000007  c_w.l(_printf_ll.o)
    0x080001d2   0x00000006   Code   RO         3761    .ARM.Collect$$_printf_percent$$00000008  c_w.l(_printf_i.o)
    0x080001d8   0x00000006   Code   RO         3762    .ARM.Collect$$_printf_percent$$00000009  c_w.l(_printf_d.o)
    0x080001de   0x00000006   Code   RO         3763    .ARM.Collect$$_printf_percent$$0000000A  c_w.l(_printf_u.o)
    0x080001e4   0x00000006   Code   RO         3760    .ARM.Collect$$_printf_percent$$0000000B  c_w.l(_printf_o.o)
    0x080001ea   0x00000006   Code   RO         3758    .ARM.Collect$$_printf_percent$$0000000C  c_w.l(_printf_x.o)
    0x080001f0   0x00000006   Code   RO         3769    .ARM.Collect$$_printf_percent$$0000000D  c_w.l(_printf_lli.o)
    0x080001f6   0x00000006   Code   RO         3770    .ARM.Collect$$_printf_percent$$0000000E  c_w.l(_printf_lld.o)
    0x080001fc   0x00000006   Code   RO         3771    .ARM.Collect$$_printf_percent$$0000000F  c_w.l(_printf_llu.o)
    0x08000202   0x00000006   Code   RO         3776    .ARM.Collect$$_printf_percent$$00000010  c_w.l(_printf_llo.o)
    0x08000208   0x00000006   Code   RO         3777    .ARM.Collect$$_printf_percent$$00000011  c_w.l(_printf_llx.o)
    0x0800020e   0x0000000a   Code   RO         3773    .ARM.Collect$$_printf_percent$$00000012  c_w.l(_printf_l.o)
    0x08000218   0x00000006   Code   RO         3756    .ARM.Collect$$_printf_percent$$00000013  c_w.l(_printf_c.o)
    0x0800021e   0x00000006   Code   RO         3677    .ARM.Collect$$_printf_percent$$00000014  c_w.l(_printf_s.o)
    0x08000224   0x00000006   Code   RO         3774    .ARM.Collect$$_printf_percent$$00000015  c_w.l(_printf_lc.o)
    0x0800022a   0x00000006   Code   RO         3775    .ARM.Collect$$_printf_percent$$00000016  c_w.l(_printf_ls.o)
    0x08000230   0x00000004   Code   RO         3768    .ARM.Collect$$_printf_percent$$00000017  c_w.l(_printf_percent_end.o)
    0x08000234   0x00000002   Code   RO         3868    .ARM.Collect$$libinit$$00000000  c_w.l(libinit.o)
    0x08000236   0x00000000   Code   RO         3882    .ARM.Collect$$libinit$$00000002  c_w.l(libinit2.o)
    0x08000236   0x00000000   Code   RO         3884    .ARM.Collect$$libinit$$00000004  c_w.l(libinit2.o)
    0x08000236   0x00000000   Code   RO         3887    .ARM.Collect$$libinit$$0000000A  c_w.l(libinit2.o)
    0x08000236   0x00000000   Code   RO         3889    .ARM.Collect$$libinit$$0000000C  c_w.l(libinit2.o)
    0x08000236   0x00000000   Code   RO         3891    .ARM.Collect$$libinit$$0000000E  c_w.l(libinit2.o)
    0x08000236   0x00000006   Code   RO         3892    .ARM.Collect$$libinit$$0000000F  c_w.l(libinit2.o)
    0x0800023c   0x00000000   Code   RO         3894    .ARM.Collect$$libinit$$00000011  c_w.l(libinit2.o)
    0x0800023c   0x0000000c   Code   RO         3895    .ARM.Collect$$libinit$$00000012  c_w.l(libinit2.o)
    0x08000248   0x00000000   Code   RO         3896    .ARM.Collect$$libinit$$00000013  c_w.l(libinit2.o)
    0x08000248   0x00000000   Code   RO         3898    .ARM.Collect$$libinit$$00000015  c_w.l(libinit2.o)
    0x08000248   0x0000000a   Code   RO         3899    .ARM.Collect$$libinit$$00000016  c_w.l(libinit2.o)
    0x08000252   0x00000000   Code   RO         3900    .ARM.Collect$$libinit$$00000017  c_w.l(libinit2.o)
    0x08000252   0x00000000   Code   RO         3902    .ARM.Collect$$libinit$$00000019  c_w.l(libinit2.o)
    0x08000252   0x00000000   Code   RO         3904    .ARM.Collect$$libinit$$0000001B  c_w.l(libinit2.o)
    0x08000252   0x00000000   Code   RO         3906    .ARM.Collect$$libinit$$0000001D  c_w.l(libinit2.o)
    0x08000252   0x00000000   Code   RO         3908    .ARM.Collect$$libinit$$0000001F  c_w.l(libinit2.o)
    0x08000252   0x00000000   Code   RO         3910    .ARM.Collect$$libinit$$00000021  c_w.l(libinit2.o)
    0x08000252   0x00000000   Code   RO         3912    .ARM.Collect$$libinit$$00000023  c_w.l(libinit2.o)
    0x08000252   0x00000000   Code   RO         3914    .ARM.Collect$$libinit$$00000025  c_w.l(libinit2.o)
    0x08000252   0x00000000   Code   RO         3918    .ARM.Collect$$libinit$$0000002C  c_w.l(libinit2.o)
    0x08000252   0x00000000   Code   RO         3920    .ARM.Collect$$libinit$$0000002E  c_w.l(libinit2.o)
    0x08000252   0x00000000   Code   RO         3922    .ARM.Collect$$libinit$$00000030  c_w.l(libinit2.o)
    0x08000252   0x00000000   Code   RO         3924    .ARM.Collect$$libinit$$00000032  c_w.l(libinit2.o)
    0x08000252   0x00000002   Code   RO         3925    .ARM.Collect$$libinit$$00000033  c_w.l(libinit2.o)
    0x08000254   0x00000002   Code   RO         3943    .ARM.Collect$$libshutdown$$00000000  c_w.l(libshutdown.o)
    0x08000256   0x00000000   Code   RO         3954    .ARM.Collect$$libshutdown$$00000003  c_w.l(libshutdown2.o)
    0x08000256   0x00000000   Code   RO         3957    .ARM.Collect$$libshutdown$$00000006  c_w.l(libshutdown2.o)
    0x08000256   0x00000000   Code   RO         3960    .ARM.Collect$$libshutdown$$00000009  c_w.l(libshutdown2.o)
    0x08000256   0x00000000   Code   RO         3962    .ARM.Collect$$libshutdown$$0000000B  c_w.l(libshutdown2.o)
    0x08000256   0x00000000   Code   RO         3965    .ARM.Collect$$libshutdown$$0000000E  c_w.l(libshutdown2.o)
    0x08000256   0x00000002   Code   RO         3966    .ARM.Collect$$libshutdown$$0000000F  c_w.l(libshutdown2.o)
    0x08000258   0x00000000   Code   RO         3707    .ARM.Collect$$rtentry$$00000000  c_w.l(__rtentry.o)
    0x08000258   0x00000000   Code   RO         3792    .ARM.Collect$$rtentry$$00000002  c_w.l(__rtentry2.o)
    0x08000258   0x00000006   Code   RO         3804    .ARM.Collect$$rtentry$$00000004  c_w.l(__rtentry4.o)
    0x0800025e   0x00000000   Code   RO         3794    .ARM.Collect$$rtentry$$00000009  c_w.l(__rtentry2.o)
    0x0800025e   0x00000004   Code   RO         3795    .ARM.Collect$$rtentry$$0000000A  c_w.l(__rtentry2.o)
    0x08000262   0x00000000   Code   RO         3797    .ARM.Collect$$rtentry$$0000000C  c_w.l(__rtentry2.o)
    0x08000262   0x00000008   Code   RO         3798    .ARM.Collect$$rtentry$$0000000D  c_w.l(__rtentry2.o)
    0x0800026a   0x00000002   Code   RO         3876    .ARM.Collect$$rtexit$$00000000  c_w.l(rtexit.o)
    0x0800026c   0x00000000   Code   RO         3927    .ARM.Collect$$rtexit$$00000002  c_w.l(rtexit2.o)
    0x0800026c   0x00000004   Code   RO         3928    .ARM.Collect$$rtexit$$00000003  c_w.l(rtexit2.o)
    0x08000270   0x00000006   Code   RO         3929    .ARM.Collect$$rtexit$$00000004  c_w.l(rtexit2.o)
    0x08000276   0x00000002   PAD
    0x08000278   0x00000040   Code   RO          403  * .text               startup_stm32f10x_hd.o
    0x080002b8   0x00000002   Code   RO         3641    .text               c_w.l(use_no_semi_2.o)
    0x080002ba   0x00000002   PAD
    0x080002bc   0x00000024   Code   RO         3643    .text               c_w.l(c89vsprintf.o)
    0x080002e0   0x00000018   Code   RO         3645    .text               c_w.l(__2printf.o)
    0x080002f8   0x0000002c   Code   RO         3647    .text               c_w.l(__2sprintf.o)
    0x08000324   0x00000052   Code   RO         3655    .text               c_w.l(_printf_str.o)
    0x08000376   0x00000002   PAD
    0x08000378   0x00000188   Code   RO         3674    .text               c_w.l(__printf_flags_ss_wp.o)
    0x08000500   0x00000024   Code   RO         3679    .text               c_w.l(strstr.o)
    0x08000524   0x0000003e   Code   RO         3681    .text               c_w.l(strlen.o)
    0x08000562   0x00000002   PAD
    0x08000564   0x00000080   Code   RO         3683    .text               c_w.l(strcmpv7m.o)
    0x080005e4   0x00000006   Code   RO         3685    .text               c_w.l(heapauxi.o)
    0x080005ea   0x00000002   Code   RO         3705    .text               c_w.l(use_no_semi.o)
    0x080005ec   0x0000004e   Code   RO         3708    .text               c_w.l(_printf_pad.o)
    0x0800063a   0x00000024   Code   RO         3710    .text               c_w.l(_printf_truncate.o)
    0x0800065e   0x00000002   PAD
    0x08000660   0x00000078   Code   RO         3712    .text               c_w.l(_printf_dec.o)
    0x080006d8   0x00000028   Code   RO         3714    .text               c_w.l(_printf_charcount.o)
    0x08000700   0x00000030   Code   RO         3716    .text               c_w.l(_printf_char_common.o)
    0x08000730   0x0000000a   Code   RO         3718    .text               c_w.l(_sputc.o)
    0x0800073a   0x0000002c   Code   RO         3720    .text               c_w.l(_printf_char.o)
    0x08000766   0x00000002   PAD
    0x08000768   0x00000024   Code   RO         3722    .text               c_w.l(_printf_char_file.o)
    0x0800078c   0x000000bc   Code   RO         3724    .text               c_w.l(_printf_wctomb.o)
    0x08000848   0x0000007c   Code   RO         3727    .text               c_w.l(_printf_longlong_dec.o)
    0x080008c4   0x00000070   Code   RO         3733    .text               c_w.l(_printf_oct_int_ll.o)
    0x08000934   0x00000094   Code   RO         3753    .text               c_w.l(_printf_hex_int_ll_ptr.o)
    0x080009c8   0x0000008a   Code   RO         3806    .text               c_w.l(lludiv10.o)
    0x08000a52   0x000000b2   Code   RO         3808    .text               c_w.l(_printf_intcommon.o)
    0x08000b04   0x0000041a   Code   RO         3810    .text               c_w.l(_printf_fp_dec.o)
    0x08000f1e   0x0000002c   Code   RO         3814    .text               c_w.l(_printf_wchar.o)
    0x08000f4a   0x00000008   Code   RO         3816    .text               c_w.l(ferror.o)
    0x08000f52   0x00000040   Code   RO         3820    .text               c_w.l(_wcrtomb.o)
    0x08000f92   0x0000004a   Code   RO         3822    .text               c_w.l(sys_stackheap_outer.o)
    0x08000fdc   0x00000010   Code   RO         3824    .text               c_w.l(rt_ctype_table.o)
    0x08000fec   0x00000008   Code   RO         3829    .text               c_w.l(rt_locale_intlibspace.o)
    0x08000ff4   0x00000080   Code   RO         3831    .text               c_w.l(_printf_fp_infnan.o)
    0x08001074   0x000000dc   Code   RO         3833    .text               c_w.l(bigflt0.o)
    0x08001150   0x0000000c   Code   RO         3861    .text               c_w.l(exit.o)
    0x0800115c   0x00000008   Code   RO         3873    .text               c_w.l(libspace.o)
    0x08001164   0x0000003e   Code   RO         3836    CL$$btod_d2e        c_w.l(btod.o)
    0x080011a2   0x00000046   Code   RO         3838    CL$$btod_d2e_denorm_low  c_w.l(btod.o)
    0x080011e8   0x00000060   Code   RO         3837    CL$$btod_d2e_norm_op1  c_w.l(btod.o)
    0x08001248   0x00000338   Code   RO         3846    CL$$btod_div_common  c_w.l(btod.o)
    0x08001580   0x000000c6   Code   RO         3843    CL$$btod_e2e        c_w.l(btod.o)
    0x08001646   0x00000028   Code   RO         3840    CL$$btod_ediv       c_w.l(btod.o)
    0x0800166e   0x00000028   Code   RO         3839    CL$$btod_emul       c_w.l(btod.o)
    0x08001696   0x00000244   Code   RO         3845    CL$$btod_mult_common  c_w.l(btod.o)
    0x080018da   0x00000002   PAD
    0x080018dc   0x00000038   Code   RO         3374    i.BEEP_Init         beep.o
    0x08001914   0x00000004   Code   RO          165    i.BusFault_Handler  stm32f10x_it.o
    0x08001918   0x00000002   Code   RO          166    i.DebugMon_Handler  stm32f10x_it.o
    0x0800191a   0x00000002   PAD
    0x0800191c   0x000000e0   Code   RO         3581    i.EXTI15_10_IRQHandler  ultrasonicwave.o
    0x080019fc   0x000000e4   Code   RO         3582    i.EXTI1_IRQHandler  ultrasonicwave.o
    0x08001ae0   0x000000e4   Code   RO         3583    i.EXTI9_5_IRQHandler  ultrasonicwave.o
    0x08001bc4   0x0000000c   Code   RO         1205    i.EXTI_ClearITPendingBit  stm32f10x_exti.o
    0x08001bd0   0x00000028   Code   RO         1209    i.EXTI_GetITStatus  stm32f10x_exti.o
    0x08001bf8   0x00000094   Code   RO         1210    i.EXTI_Init         stm32f10x_exti.o
    0x08001c8c   0x00000040   Code   RO         1555    i.GPIO_EXTILineConfig  stm32f10x_gpio.o
    0x08001ccc   0x00000116   Code   RO         1558    i.GPIO_Init         stm32f10x_gpio.o
    0x08001de2   0x00000002   PAD
    0x08001de4   0x00000090   Code   RO         1560    i.GPIO_PinRemapConfig  stm32f10x_gpio.o
    0x08001e74   0x00000012   Code   RO         1562    i.GPIO_ReadInputDataBit  stm32f10x_gpio.o
    0x08001e86   0x00000004   Code   RO         1565    i.GPIO_ResetBits    stm32f10x_gpio.o
    0x08001e8a   0x00000004   Code   RO         1566    i.GPIO_SetBits      stm32f10x_gpio.o
    0x08001e8e   0x00000010   Code   RO         1567    i.GPIO_StructInit   stm32f10x_gpio.o
    0x08001e9e   0x00000004   Code   RO          167    i.HardFault_Handler  stm32f10x_it.o
    0x08001ea2   0x00000004   Code   RO          168    i.MemManage_Handler  stm32f10x_it.o
    0x08001ea6   0x00000002   Code   RO          169    i.NMI_Handler       stm32f10x_it.o
    0x08001ea8   0x00000070   Code   RO          407    i.NVIC_Init         misc.o
    0x08001f18   0x00000014   Code   RO          408    i.NVIC_PriorityGroupConfig  misc.o
    0x08001f2c   0x00000002   Code   RO          170    i.PendSV_Handler    stm32f10x_it.o
    0x08001f2e   0x00000002   PAD
    0x08001f30   0x00000020   Code   RO         1974    i.RCC_APB1PeriphClockCmd  stm32f10x_rcc.o
    0x08001f50   0x00000020   Code   RO         1976    i.RCC_APB2PeriphClockCmd  stm32f10x_rcc.o
    0x08001f70   0x000000d4   Code   RO         1984    i.RCC_GetClocksFreq  stm32f10x_rcc.o
    0x08002044   0x00000002   Code   RO          171    i.SVC_Handler       stm32f10x_it.o
    0x08002046   0x00000008   Code   RO          254    i.SetSysClock       system_stm32f10x.o
    0x0800204e   0x00000002   PAD
    0x08002050   0x000000e0   Code   RO          255    i.SetSysClockTo72   system_stm32f10x.o
    0x08002130   0x00000028   Code   RO          411    i.SysTick_CLKSourceConfig  misc.o
    0x08002158   0x00000002   Code   RO          172    i.SysTick_Handler   stm32f10x_it.o
    0x0800215a   0x00000002   PAD
    0x0800215c   0x00000060   Code   RO          257    i.SystemInit        system_stm32f10x.o
    0x080021bc   0x00000016   Code   RO         3468    i.TIM2_IRQHandler   timer.o
    0x080021d2   0x00000002   PAD
    0x080021d4   0x00000048   Code   RO         3469    i.TIM3_IRQHandler   timer.o
    0x0800221c   0x00000060   Code   RO         3470    i.TIM3_Int_Init     timer.o
    0x0800227c   0x00000006   Code   RO         2603    i.TIM_ClearITPendingBit  stm32f10x_tim.o
    0x08002282   0x00000018   Code   RO         2608    i.TIM_Cmd           stm32f10x_tim.o
    0x0800229a   0x00000006   Code   RO         2627    i.TIM_GetCounter    stm32f10x_tim.o
    0x080022a0   0x00000022   Code   RO         2629    i.TIM_GetITStatus   stm32f10x_tim.o
    0x080022c2   0x00000012   Code   RO         2633    i.TIM_ITConfig      stm32f10x_tim.o
    0x080022d4   0x00000004   Code   RO         2673    i.TIM_SetCounter    stm32f10x_tim.o
    0x080022d8   0x000000a4   Code   RO         2679    i.TIM_TimeBaseInit  stm32f10x_tim.o
    0x0800237c   0x0000005c   Code   RO         3471    i.Timerx_Init       timer.o
    0x080023d8   0x00000088   Code   RO          349    i.USART1_IRQHandler  usart.o
    0x08002460   0x00000070   Code   RO         3501    i.USART2_IRQHandler  usart2.o
    0x080024d0   0x00000018   Code   RO         3144    i.USART_Cmd         stm32f10x_usart.o
    0x080024e8   0x0000001a   Code   RO         3147    i.USART_GetFlagStatus  stm32f10x_usart.o
    0x08002502   0x00000054   Code   RO         3148    i.USART_GetITStatus  stm32f10x_usart.o
    0x08002556   0x0000004a   Code   RO         3150    i.USART_ITConfig    stm32f10x_usart.o
    0x080025a0   0x000000d8   Code   RO         3151    i.USART_Init        stm32f10x_usart.o
    0x08002678   0x0000000a   Code   RO         3158    i.USART_ReceiveData  stm32f10x_usart.o
    0x08002682   0x00000008   Code   RO         3161    i.USART_SendData    stm32f10x_usart.o
    0x0800268a   0x00000002   PAD
    0x0800268c   0x00000170   Code   RO         3584    i.UltrasonicWave_Configuration  ultrasonicwave.o
    0x080027fc   0x00000064   Code   RO         3585    i.UltrasonicWave_StartMeasure  ultrasonicwave.o
    0x08002860   0x00000018   Code   RO         3551    i.UpLoad            wifi.o
    0x08002878   0x00000004   Code   RO          173    i.UsageFault_Handler  stm32f10x_it.o
    0x0800287c   0x00000028   Code   RO         3871    i.__ARM_fpclassify  m_ws.l(fpclassify.o)
    0x080028a4   0x0000000e   Code   RO         3667    i._is_digit         c_w.l(__printf_wp.o)
    0x080028b2   0x00000006   Code   RO          350    i._sys_exit         usart.o
    0x080028b8   0x00000144   Code   RO            1    i.check_relay       main.o
    0x080029fc   0x000001cc   Code   RO            2    i.cmd_init          main.o
    0x08002bc8   0x00000128   Code   RO            3    i.control_init      main.o
    0x08002cf0   0x00000044   Code   RO          288    i.delay_init        delay.o
    0x08002d34   0x0000004c   Code   RO          289    i.delay_ms          delay.o
    0x08002d80   0x0000004c   Code   RO          290    i.delay_us          delay.o
    0x08002dcc   0x0000001c   Code   RO          351    i.fputc             usart.o
    0x08002de8   0x000000cc   Code   RO            4    i.main              main.o
    0x08002eb4   0x00000044   Code   RO         3586    i.relay_close       ultrasonicwave.o
    0x08002ef8   0x000000a8   Code   RO         3587    i.relay_init        ultrasonicwave.o
    0x08002fa0   0x00000044   Code   RO         3588    i.relay_open        ultrasonicwave.o
    0x08002fe4   0x000000f4   Code   RO            5    i.send_all          main.o
    0x080030d8   0x00000050   Code   RO         3502    i.u2_printf         usart2.o
    0x08003128   0x000000c4   Code   RO         3505    i.uart2_init        usart2.o
    0x080031ec   0x000000a0   Code   RO          352    i.uart_init         usart.o
    0x0800328c   0x00000044   Code   RO         3552    i.wifi_check_cmd    wifi.o
    0x080032d0   0x00000194   Code   RO         3553    i.wifi_init         wifi.o
    0x08003464   0x00000084   Code   RO         3554    i.wifi_send_cmd     wifi.o
    0x080034e8   0x0000002c   Code   RO         3859    locale$$code        c_w.l(lc_numeric_c.o)
    0x08003514   0x0000002c   Code   RO         3879    locale$$code        c_w.l(lc_ctype_c.o)
    0x08003540   0x00000062   Code   RO         3689    x$fpl$d2f           fz_ws.l(d2f.o)
    0x080035a2   0x00000002   PAD
    0x080035a4   0x000002b0   Code   RO         3692    x$fpl$ddiv          fz_ws.l(ddiv.o)
    0x08003854   0x0000002e   Code   RO         3696    x$fpl$dflt          fz_ws.l(dflt_clz.o)
    0x08003882   0x0000009c   Code   RO         3778    x$fpl$dnaninf       fz_ws.l(dnaninf.o)
    0x0800391e   0x0000000c   Code   RO         3780    x$fpl$dretinf       fz_ws.l(dretinf.o)
    0x0800392a   0x00000018   Code   RO         3782    x$fpl$fcmpinf       fz_ws.l(fcmpi.o)
    0x08003942   0x00000002   PAD
    0x08003944   0x00000068   Code   RO         3701    x$fpl$fleqf         fz_ws.l(fleqf.o)
    0x080039ac   0x0000008c   Code   RO         3784    x$fpl$fnaninf       fz_ws.l(fnaninf.o)
    0x08003a38   0x0000000a   Code   RO         3786    x$fpl$fretinf       fz_ws.l(fretinf.o)
    0x08003a42   0x00000062   Code   RO         3703    x$fpl$frleqf        fz_ws.l(frleqf.o)
    0x08003aa4   0x00000004   Code   RO         3788    x$fpl$printf1       fz_ws.l(printf1.o)
    0x08003aa8   0x00000000   Code   RO         3790    x$fpl$usenofp       fz_ws.l(usenofp.o)
    0x08003aa8   0x00000011   Data   RO         3675    .constdata          c_w.l(__printf_flags_ss_wp.o)
    0x08003ab9   0x00000003   PAD
    0x08003abc   0x00000008   Data   RO         3725    .constdata          c_w.l(_printf_wctomb.o)
    0x08003ac4   0x00000028   Data   RO         3754    .constdata          c_w.l(_printf_hex_int_ll_ptr.o)
    0x08003aec   0x00000094   Data   RO         3834    .constdata          c_w.l(bigflt0.o)
    0x08003b80   0x00000020   Data   RO         3998    Region$$Table       anon$$obj.o
    0x08003ba0   0x0000001c   Data   RO         3858    locale$$data        c_w.l(lc_numeric_c.o)
    0x08003bbc   0x00000110   Data   RO         3878    locale$$data        c_w.l(lc_ctype_c.o)


    Execution Region ER_RW (Base: 0x20000000, Size: 0x00000048, Max: 0xffffffff, ABSOLUTE)

    Base Addr    Size         Type   Attr      Idx    E Section Name        Object

    0x20000000   0x00000014   Data   RW            7    .data               main.o
    0x20000014   0x00000014   Data   RW          258    .data               system_stm32f10x.o
    0x20000028   0x00000004   Data   RW          291    .data               delay.o
    0x2000002c   0x00000006   Data   RW          354    .data               usart.o
    0x20000032   0x00000014   Data   RW         2004    .data               stm32f10x_rcc.o
    0x20000046   0x00000002   Data   RW         3507    .data               usart2.o


    Execution Region ER_ZI (Base: 0x20000048, Size: 0x00001840, Max: 0xffffffff, ABSOLUTE)

    Base Addr    Size         Type   Attr      Idx    E Section Name        Object

    0x20000048   0x00000c80   Zero   RW            6    .bss                main.o
    0x20000cc8   0x000000c8   Zero   RW          353    .bss                usart.o
    0x20000d90   0x00000480   Zero   RW         3506    .bss                usart2.o
    0x20001210   0x00000018   Zero   RW         3589    .bss                ultrasonicwave.o
    0x20001228   0x00000060   Zero   RW         3874    .bss                c_w.l(libspace.o)
    0x20001288   0x00000200   Zero   RW          401    HEAP                startup_stm32f10x_hd.o
    0x20001488   0x00000400   Zero   RW          400    STACK               startup_stm32f10x_hd.o


==============================================================================

Image component sizes


      Code (inc. data)   RO Data    RW Data    ZI Data      Debug   Object Name

        56          6          0          0          0        464   beep.o
       220         26          0          4          0       1583   delay.o
      1528        796          0         20       3200     259624   main.o
       172         22          0          0          0       1937   misc.o
        64         26        304          0       1536        776   startup_stm32f10x_hd.o
       200         18          0          0          0       1980   stm32f10x_exti.o
       528         10          0          0          0       5374   stm32f10x_gpio.o
        26          0          0          0          0       3442   stm32f10x_it.o
       276         32          0         20          0       4290   stm32f10x_rcc.o
       256         42          0          0          0       4364   stm32f10x_tim.o
       442          6          0          0          0       5881   stm32f10x_usart.o
         0          0          0          0          0         32   sys.o
       328         28          0         20          0       1937   system_stm32f10x.o
       282         28          0          0          0       2110   timer.o
      1452        108          0          0         24       5519   ultrasonicwave.o
       330         26          0          6        200       3956   usart.o
       388         44          0          2       1152       3089   usart2.o
       628        272          0          0          0       2562   wifi.o

    ----------------------------------------------------------------------
      7190       1490        336         72       6112     308920   Object Totals
         0          0         32          0          0          0   (incl. Generated)
        14          0          0          0          0          0   (incl. Padding)

    ----------------------------------------------------------------------

      Code (inc. data)   RO Data    RW Data    ZI Data      Debug   Library Member Name

        24          4          0          0          0         84   __2printf.o
        44          6          0          0          0         84   __2sprintf.o
         8          0          0          0          0         68   __main.o
       392          4         17          0          0         92   __printf_flags_ss_wp.o
        14          0          0          0          0         68   __printf_wp.o
         0          0          0          0          0          0   __rtentry.o
        12          0          0          0          0          0   __rtentry2.o
         6          0          0          0          0          0   __rtentry4.o
        52          8          0          0          0          0   __scatter.o
        26          0          0          0          0          0   __scatter_copy.o
        28          0          0          0          0          0   __scatter_zi.o
         6          0          0          0          0          0   _printf_a.o
         6          0          0          0          0          0   _printf_c.o
        44          0          0          0          0        108   _printf_char.o
        48          6          0          0          0         96   _printf_char_common.o
        36          4          0          0          0         80   _printf_char_file.o
        40          0          0          0          0         68   _printf_charcount.o
         6          0          0          0          0          0   _printf_d.o
       120         16          0          0          0         92   _printf_dec.o
         6          0          0          0          0          0   _printf_e.o
         6          0          0          0          0          0   _printf_f.o
      1050          0          0          0          0        216   _printf_fp_dec.o
       128         16          0          0          0         84   _printf_fp_infnan.o
         6          0          0          0          0          0   _printf_g.o
       148          4         40          0          0        160   _printf_hex_int_ll_ptr.o
         6          0          0          0          0          0   _printf_i.o
       178          0          0          0          0         88   _printf_intcommon.o
        10          0          0          0          0          0   _printf_l.o
         6          0          0          0          0          0   _printf_lc.o
        10          0          0          0          0          0   _printf_ll.o
         6          0          0          0          0          0   _printf_lld.o
         6          0          0          0          0          0   _printf_lli.o
         6          0          0          0          0          0   _printf_llo.o
         6          0          0          0          0          0   _printf_llu.o
         6          0          0          0          0          0   _printf_llx.o
       124         16          0          0          0         92   _printf_longlong_dec.o
         6          0          0          0          0          0   _printf_ls.o
         6          0          0          0          0          0   _printf_n.o
         6          0          0          0          0          0   _printf_o.o
       112          8          0          0          0        124   _printf_oct_int_ll.o
         6          0          0          0          0          0   _printf_p.o
        78          0          0          0          0        108   _printf_pad.o
         0          0          0          0          0          0   _printf_percent.o
         4          0          0          0          0          0   _printf_percent_end.o
         6          0          0          0          0          0   _printf_s.o
        82          0          0          0          0         80   _printf_str.o
        36          0          0          0          0         84   _printf_truncate.o
         6          0          0          0          0          0   _printf_u.o
        44          0          0          0          0        108   _printf_wchar.o
       188          6          8          0          0         92   _printf_wctomb.o
         6          0          0          0          0          0   _printf_x.o
        10          0          0          0          0         68   _sputc.o
        64          0          0          0          0         92   _wcrtomb.o
       220          4        148          0          0         96   bigflt0.o
      1910        128          0          0          0        672   btod.o
        36          4          0          0          0         76   c89vsprintf.o
        12          0          0          0          0         72   exit.o
         8          0          0          0          0         68   ferror.o
         6          0          0          0          0        152   heapauxi.o
        44         10        272          0          0         76   lc_ctype_c.o
        44         10         28          0          0         76   lc_numeric_c.o
         2          0          0          0          0          0   libinit.o
        30          0          0          0          0          0   libinit2.o
         2          0          0          0          0          0   libshutdown.o
         2          0          0          0          0          0   libshutdown2.o
         8          4          0          0         96         68   libspace.o
       138          0          0          0          0         80   lludiv10.o
        16          4          0          0          0         76   rt_ctype_table.o
         8          4          0          0          0         68   rt_locale_intlibspace.o
         2          0          0          0          0          0   rtexit.o
        10          0          0          0          0          0   rtexit2.o
       128          0          0          0          0         68   strcmpv7m.o
        62          0          0          0          0         76   strlen.o
        36          0          0          0          0         80   strstr.o
        74          0          0          0          0         80   sys_stackheap_outer.o
         2          0          0          0          0         68   use_no_semi.o
         2          0          0          0          0         68   use_no_semi_2.o
        98          4          0          0          0         92   d2f.o
       688        140          0          0          0        208   ddiv.o
        46          0          0          0          0         68   dflt_clz.o
       156          4          0          0          0         92   dnaninf.o
        12          0          0          0          0         68   dretinf.o
        24          0          0          0          0         68   fcmpi.o
       104          4          0          0          0         84   fleqf.o
       140          4          0          0          0         84   fnaninf.o
        10          0          0          0          0         68   fretinf.o
        98          0          0          0          0         68   frleqf.o
         4          0          0          0          0         68   printf1.o
         0          0          0          0          0          0   usenofp.o
        40          0          0          0          0         68   fpclassify.o

    ----------------------------------------------------------------------
      7522        422        516          0         96       5292   Library Totals
        20          0          3          0          0          0   (incl. Padding)

    ----------------------------------------------------------------------

      Code (inc. data)   RO Data    RW Data    ZI Data      Debug   Library Name

      6082        266        513          0         96       4256   c_w.l
      1380        156          0          0          0        968   fz_ws.l
        40          0          0          0          0         68   m_ws.l

    ----------------------------------------------------------------------
      7522        422        516          0         96       5292   Library Totals

    ----------------------------------------------------------------------

==============================================================================


      Code (inc. data)   RO Data    RW Data    ZI Data      Debug   

     14712       1912        852         72       6208     307604   Grand Totals
     14712       1912        852         72       6208     307604   ELF Image Totals
     14712       1912        852         72          0          0   ROM Totals

==============================================================================

    Total RO  Size (Code + RO Data)                15564 (  15.20kB)
    Total RW  Size (RW Data + ZI Data)              6280 (   6.13kB)
    Total ROM Size (Code + RO Data + RW Data)      15636 (  15.27kB)

==============================================================================

